Archive member included to satisfy reference by file (symbol)

c:/st/stm32cubeide_1.11.0/stm32cubeide/plugins/com.st.stm32cube.ide.mcu.externaltools.gnu-tools-for-stm32.10.3-2021.10.win32_1.0.100.202210260954/tools/bin/../lib/gcc/arm-none-eabi/10.3.1/../../../../arm-none-eabi/lib/thumb/v7e-m+fp/hard\libc_nano.a(lib_a-errno.o)
                              ./Core/Src/syscalls.o (__errno)
c:/st/stm32cubeide_1.11.0/stm32cubeide/plugins/com.st.stm32cube.ide.mcu.externaltools.gnu-tools-for-stm32.10.3-2021.10.win32_1.0.100.202210260954/tools/bin/../lib/gcc/arm-none-eabi/10.3.1/../../../../arm-none-eabi/lib/thumb/v7e-m+fp/hard\libc_nano.a(lib_a-exit.o)
                              c:/st/stm32cubeide_1.11.0/stm32cubeide/plugins/com.st.stm32cube.ide.mcu.externaltools.gnu-tools-for-stm32.10.3-2021.10.win32_1.0.100.202210260954/tools/bin/../lib/gcc/arm-none-eabi/10.3.1/../../../../arm-none-eabi/lib/thumb/v7e-m+fp/hard/crt0.o (exit)
c:/st/stm32cubeide_1.11.0/stm32cubeide/plugins/com.st.stm32cube.ide.mcu.externaltools.gnu-tools-for-stm32.10.3-2021.10.win32_1.0.100.202210260954/tools/bin/../lib/gcc/arm-none-eabi/10.3.1/../../../../arm-none-eabi/lib/thumb/v7e-m+fp/hard\libc_nano.a(lib_a-impure.o)
                              c:/st/stm32cubeide_1.11.0/stm32cubeide/plugins/com.st.stm32cube.ide.mcu.externaltools.gnu-tools-for-stm32.10.3-2021.10.win32_1.0.100.202210260954/tools/bin/../lib/gcc/arm-none-eabi/10.3.1/../../../../arm-none-eabi/lib/thumb/v7e-m+fp/hard\libc_nano.a(lib_a-exit.o) (_global_impure_ptr)
c:/st/stm32cubeide_1.11.0/stm32cubeide/plugins/com.st.stm32cube.ide.mcu.externaltools.gnu-tools-for-stm32.10.3-2021.10.win32_1.0.100.202210260954/tools/bin/../lib/gcc/arm-none-eabi/10.3.1/../../../../arm-none-eabi/lib/thumb/v7e-m+fp/hard\libc_nano.a(lib_a-init.o)
                              c:/st/stm32cubeide_1.11.0/stm32cubeide/plugins/com.st.stm32cube.ide.mcu.externaltools.gnu-tools-for-stm32.10.3-2021.10.win32_1.0.100.202210260954/tools/bin/../lib/gcc/arm-none-eabi/10.3.1/../../../../arm-none-eabi/lib/thumb/v7e-m+fp/hard/crt0.o (__libc_init_array)
c:/st/stm32cubeide_1.11.0/stm32cubeide/plugins/com.st.stm32cube.ide.mcu.externaltools.gnu-tools-for-stm32.10.3-2021.10.win32_1.0.100.202210260954/tools/bin/../lib/gcc/arm-none-eabi/10.3.1/../../../../arm-none-eabi/lib/thumb/v7e-m+fp/hard\libc_nano.a(lib_a-memset.o)
                              c:/st/stm32cubeide_1.11.0/stm32cubeide/plugins/com.st.stm32cube.ide.mcu.externaltools.gnu-tools-for-stm32.10.3-2021.10.win32_1.0.100.202210260954/tools/bin/../lib/gcc/arm-none-eabi/10.3.1/../../../../arm-none-eabi/lib/thumb/v7e-m+fp/hard/crt0.o (memset)
c:/st/stm32cubeide_1.11.0/stm32cubeide/plugins/com.st.stm32cube.ide.mcu.externaltools.gnu-tools-for-stm32.10.3-2021.10.win32_1.0.100.202210260954/tools/bin/../lib/gcc/arm-none-eabi/10.3.1/thumb/v7e-m+fp/hard\libgcc.a(_aeabi_uldivmod.o)
                              ./Drivers/STM32F4xx_HAL_Driver/Src/stm32f4xx_hal_rcc.o (__aeabi_uldivmod)
c:/st/stm32cubeide_1.11.0/stm32cubeide/plugins/com.st.stm32cube.ide.mcu.externaltools.gnu-tools-for-stm32.10.3-2021.10.win32_1.0.100.202210260954/tools/bin/../lib/gcc/arm-none-eabi/10.3.1/thumb/v7e-m+fp/hard\libgcc.a(_udivmoddi4.o)
                              c:/st/stm32cubeide_1.11.0/stm32cubeide/plugins/com.st.stm32cube.ide.mcu.externaltools.gnu-tools-for-stm32.10.3-2021.10.win32_1.0.100.202210260954/tools/bin/../lib/gcc/arm-none-eabi/10.3.1/thumb/v7e-m+fp/hard\libgcc.a(_aeabi_uldivmod.o) (__udivmoddi4)
c:/st/stm32cubeide_1.11.0/stm32cubeide/plugins/com.st.stm32cube.ide.mcu.externaltools.gnu-tools-for-stm32.10.3-2021.10.win32_1.0.100.202210260954/tools/bin/../lib/gcc/arm-none-eabi/10.3.1/thumb/v7e-m+fp/hard\libgcc.a(_dvmd_tls.o)
                              c:/st/stm32cubeide_1.11.0/stm32cubeide/plugins/com.st.stm32cube.ide.mcu.externaltools.gnu-tools-for-stm32.10.3-2021.10.win32_1.0.100.202210260954/tools/bin/../lib/gcc/arm-none-eabi/10.3.1/thumb/v7e-m+fp/hard\libgcc.a(_aeabi_uldivmod.o) (__aeabi_ldiv0)

Discarded input sections

 .text          0x0000000000000000        0x0 c:/st/stm32cubeide_1.11.0/stm32cubeide/plugins/com.st.stm32cube.ide.mcu.externaltools.gnu-tools-for-stm32.10.3-2021.10.win32_1.0.100.202210260954/tools/bin/../lib/gcc/arm-none-eabi/10.3.1/thumb/v7e-m+fp/hard/crti.o
 .data          0x0000000000000000        0x0 c:/st/stm32cubeide_1.11.0/stm32cubeide/plugins/com.st.stm32cube.ide.mcu.externaltools.gnu-tools-for-stm32.10.3-2021.10.win32_1.0.100.202210260954/tools/bin/../lib/gcc/arm-none-eabi/10.3.1/thumb/v7e-m+fp/hard/crti.o
 .bss           0x0000000000000000        0x0 c:/st/stm32cubeide_1.11.0/stm32cubeide/plugins/com.st.stm32cube.ide.mcu.externaltools.gnu-tools-for-stm32.10.3-2021.10.win32_1.0.100.202210260954/tools/bin/../lib/gcc/arm-none-eabi/10.3.1/thumb/v7e-m+fp/hard/crti.o
[...]
Memory Configuration

Name             Origin             Length             Attributes
CCMRAM           0x0000000010000000 0x0000000000010000 xrw
RAM              0x0000000020000000 0x0000000000020000 xrw
FLASH            0x0000000008000000 0x0000000000100000 xr
*default*        0x0000000000000000 0xffffffffffffffff

Linker script and memory map

LOAD c:/st/stm32cubeide_1.11.0/stm32cubeide/plugins/com.st.stm32cube.ide.mcu.externaltools.gnu-tools-for-stm32.10.3-2021.10.win32_1.0.100.202210260954/tools/bin/../lib/gcc/arm-none-eabi/10.3.1/thumb/v7e-m+fp/hard/crti.o
LOAD c:/st/stm32cubeide_1.11.0/stm32cubeide/plugins/com.st.stm32cube.ide.mcu.externaltools.gnu-tools-for-stm32.10.3-2021.10.win32_1.0.100.202210260954/tools/bin/../lib/gcc/arm-none-eabi/10.3.1/thumb/v7e-m+fp/hard/crtbegin.o
LOAD c:/st/stm32cubeide_1.11.0/stm32cubeide/plugins/com.st.stm32cube.ide.mcu.externaltools.gnu-tools-for-stm32.10.3-2021.10.win32_1.0.100.202210260954/tools/bin/../lib/gcc/arm-none-eabi/10.3.1/../../../../arm-none-eabi/lib/thumb/v7e-m+fp/hard/crt0.o
LOAD ./Core/Src/fatfs_sd_card.o
LOAD ./Core/Src/main.o
LOAD ./Core/Src/stm32f4xx_hal_msp.o
LOAD ./Core/Src/stm32f4xx_it.o
LOAD ./Core/Src/syscalls.o
LOAD ./Core/Src/sysmem.o
LOAD ./Core/Src/system_stm32f4xx.o
LOAD ./Core/Startup/startup_stm32f407vgtx.o
LOAD ./Drivers/STM32F4xx_HAL_Driver/Src/stm32f4xx_hal.o
LOAD ./Drivers/STM32F4xx_HAL_Driver/Src/stm32f4xx_hal_cortex.o
LOAD ./Drivers/STM32F4xx_HAL_Driver/Src/stm32f4xx_hal_dma.o
LOAD ./Drivers/STM32F4xx_HAL_Driver/Src/stm32f4xx_hal_dma_ex.o
LOAD ./Drivers/STM32F4xx_HAL_Driver/Src/stm32f4xx_hal_exti.o
LOAD ./Drivers/STM32F4xx_HAL_Driver/Src/stm32f4xx_hal_flash.o
LOAD ./Drivers/STM32F4xx_HAL_Driver/Src/stm32f4xx_hal_flash_ex.o
LOAD ./Drivers/STM32F4xx_HAL_Driver/Src/stm32f4xx_hal_flash_ramfunc.o
LOAD ./Drivers/STM32F4xx_HAL_Driver/Src/stm32f4xx_hal_gpio.o
LOAD ./Drivers/STM32F4xx_HAL_Driver/Src/stm32f4xx_hal_pwr.o
LOAD ./Drivers/STM32F4xx_HAL_Driver/Src/stm32f4xx_hal_pwr_ex.o
LOAD ./Drivers/STM32F4xx_HAL_Driver/Src/stm32f4xx_hal_rcc.o
LOAD ./Drivers/STM32F4xx_HAL_Driver/Src/stm32f4xx_hal_rcc_ex.o
LOAD ./Drivers/STM32F4xx_HAL_Driver/Src/stm32f4xx_hal_spi.o
LOAD ./Drivers/STM32F4xx_HAL_Driver/Src/stm32f4xx_hal_tim.o
LOAD ./Drivers/STM32F4xx_HAL_Driver/Src/stm32f4xx_hal_tim_ex.o
LOAD ./Drivers/STM32F4xx_HAL_Driver/Src/stm32f4xx_hal_uart.o
LOAD ./FATFS/App/fatfs.o
LOAD ./FATFS/Target/user_diskio.o
LOAD ./Middlewares/Third_Party/FatFs/src/diskio.o
LOAD ./Middlewares/Third_Party/FatFs/src/ff.o
LOAD ./Middlewares/Third_Party/FatFs/src/ff_gen_drv.o
LOAD ./Middlewares/Third_Party/FatFs/src/option/ccsbcs.o
LOAD ./Middlewares/Third_Party/FatFs/src/option/syscall.o
START GROUP
LOAD c:/st/stm32cubeide_1.11.0/stm32cubeide/plugins/com.st.stm32cube.ide.mcu.externaltools.gnu-tools-for-stm32.10.3-2021.10.win32_1.0.100.202210260954/tools/bin/../lib/gcc/arm-none-eabi/10.3.1/../../../../arm-none-eabi/lib/thumb/v7e-m+fp/hard\libc_nano.a
LOAD c:/st/stm32cubeide_1.11.0/stm32cubeide/plugins/com.st.stm32cube.ide.mcu.externaltools.gnu-tools-for-stm32.10.3-2021.10.win32_1.0.100.202210260954/tools/bin/../lib/gcc/arm-none-eabi/10.3.1/../../../../arm-none-eabi/lib/thumb/v7e-m+fp/hard\libm.a
END GROUP
START GROUP
LOAD c:/st/stm32cubeide_1.11.0/stm32cubeide/plugins/com.st.stm32cube.ide.mcu.externaltools.gnu-tools-for-stm32.10.3-2021.10.win32_1.0.100.202210260954/tools/bin/../lib/gcc/arm-none-eabi/10.3.1/thumb/v7e-m+fp/hard\libgcc.a
LOAD c:/st/stm32cubeide_1.11.0/stm32cubeide/plugins/com.st.stm32cube.ide.mcu.externaltools.gnu-tools-for-stm32.10.3-2021.10.win32_1.0.100.202210260954/tools/bin/../lib/gcc/arm-none-eabi/10.3.1/../../../../arm-none-eabi/lib/thumb/v7e-m+fp/hard\libc_nano.a
END GROUP
START GROUP
LOAD c:/st/stm32cubeide_1.11.0/stm32cubeide/plugins/com.st.stm32cube.ide.mcu.externaltools.gnu-tools-for-stm32.10.3-2021.10.win32_1.0.100.202210260954/tools/bin/../lib/gcc/arm-none-eabi/10.3.1/thumb/v7e-m+fp/hard\libgcc.a
LOAD c:/st/stm32cubeide_1.11.0/stm32cubeide/plugins/com.st.stm32cube.ide.mcu.externaltools.gnu-tools-for-stm32.10.3-2021.10.win32_1.0.100.202210260954/tools/bin/../lib/gcc/arm-none-eabi/10.3.1/../../../../arm-none-eabi/lib/thumb/v7e-m+fp/hard\libc_nano.a
LOAD c:/st/stm32cubeide_1.11.0/stm32cubeide/plugins/com.st.stm32cube.ide.mcu.externaltools.gnu-tools-for-stm32.10.3-2021.10.win32_1.0.100.202210260954/tools/bin/../lib/gcc/arm-none-eabi/10.3.1/../../../../arm-none-eabi/lib/thumb/v7e-m+fp/hard\libnosys.a
END GROUP
START GROUP
LOAD c:/st/stm32cubeide_1.11.0/stm32cubeide/plugins/com.st.stm32cube.ide.mcu.externaltools.gnu-tools-for-stm32.10.3-2021.10.win32_1.0.100.202210260954/tools/bin/../lib/gcc/arm-none-eabi/10.3.1/thumb/v7e-m+fp/hard\libgcc.a
LOAD c:/st/stm32cubeide_1.11.0/stm32cubeide/plugins/com.st.stm32cube.ide.mcu.externaltools.gnu-tools-for-stm32.10.3-2021.10.win32_1.0.100.202210260954/tools/bin/../lib/gcc/arm-none-eabi/10.3.1/../../../../arm-none-eabi/lib/thumb/v7e-m+fp/hard\libc_nano.a
LOAD c:/st/stm32cubeide_1.11.0/stm32cubeide/plugins/com.st.stm32cube.ide.mcu.externaltools.gnu-tools-for-stm32.10.3-2021.10.win32_1.0.100.202210260954/tools/bin/../lib/gcc/arm-none-eabi/10.3.1/../../../../arm-none-eabi/lib/thumb/v7e-m+fp/hard\libnosys.a
END GROUP
LOAD c:/st/stm32cubeide_1.11.0/stm32cubeide/plugins/com.st.stm32cube.ide.mcu.externaltools.gnu-tools-for-stm32.10.3-2021.10.win32_1.0.100.202210260954/tools/bin/../lib/gcc/arm-none-eabi/10.3.1/thumb/v7e-m+fp/hard/crtend.o
LOAD c:/st/stm32cubeide_1.11.0/stm32cubeide/plugins/com.st.stm32cube.ide.mcu.externaltools.gnu-tools-for-stm32.10.3-2021.10.win32_1.0.100.202210260954/tools/bin/../lib/gcc/arm-none-eabi/10.3.1/thumb/v7e-m+fp/hard/crtn.o
                0x0000000020020000                _estack = (ORIGIN (RAM) + LENGTH (RAM))
                0x0000000000000200                _Min_Heap_Size = 0x200
                0x0000000000000400                _Min_Stack_Size = 0x400

.isr_vector     0x0000000008000000      0x188
                0x0000000008000000                . = ALIGN (0x4)
 *(.isr_vector)
 .isr_vector    0x0000000008000000      0x188 ./Core/Startup/startup_stm32f407vgtx.o
                0x0000000008000000                g_pfnVectors
                0x0000000008000188                . = ALIGN (0x4)

.text           0x0000000008000188     0x6d88
                0x0000000008000188                . = ALIGN (0x4)
 *(.text)
 .text          0x0000000008000188       0x40 c:/st/stm32cubeide_1.11.0/stm32cubeide/plugins/com.st.stm32cube.ide.mcu.externaltools.gnu-tools-for-stm32.10.3-2021.10.win32_1.0.100.202210260954/tools/bin/../lib/gcc/arm-none-eabi/10.3.1/thumb/v7e-m+fp/hard/crtbegin.o
 .text          0x00000000080001c8       0x30 c:/st/stm32cubeide_1.11.0/stm32cubeide/plugins/com.st.stm32cube.ide.mcu.externaltools.gnu-tools-for-stm32.10.3-2021.10.win32_1.0.100.202210260954/tools/bin/../lib/gcc/arm-none-eabi/10.3.1/thumb/v7e-m+fp/hard\libgcc.a(_aeabi_uldivmod.o)
                0x00000000080001c8                __aeabi_uldivmod
 .text          0x00000000080001f8      0x2d0 c:/st/stm32cubeide_1.11.0/stm32cubeide/plugins/com.st.stm32cube.ide.mcu.externaltools.gnu-tools-for-stm32.10.3-2021.10.win32_1.0.100.202210260954/tools/bin/../lib/gcc/arm-none-eabi/10.3.1/thumb/v7e-m+fp/hard\libgcc.a(_udivmoddi4.o)
                0x00000000080001f8                __udivmoddi4
 .text          0x00000000080004c8        0x4 c:/st/stm32cubeide_1.11.0/stm32cubeide/plugins/com.st.stm32cube.ide.mcu.externaltools.gnu-tools-for-stm32.10.3-2021.10.win32_1.0.100.202210260954/tools/bin/../lib/gcc/arm-none-eabi/10.3.1/thumb/v7e-m+fp/hard\libgcc.a(_dvmd_tls.o)
                0x00000000080004c8                __aeabi_idiv0
                0x00000000080004c8                __aeabi_ldiv0
 *(.text*)
 .text.SELECT   0x00000000080004cc       0x20 ./Core/Src/fatfs_sd_card.o
 .text.DESELECT
                0x00000000080004ec       0x20 ./Core/Src/fatfs_sd_card.o
 .text.SPI_TxByte
                0x000000000800050c       0x34 ./Core/Src/fatfs_sd_card.o
 .text.SPI_TxBuffer
                0x0000000008000540       0x34 ./Core/Src/fatfs_sd_card.o
 .text.SPI_RxByte
                0x0000000008000574       0x38 ./Core/Src/fatfs_sd_card.o
 .text.SPI_RxBytePtr
                0x00000000080005ac       0x1c ./Core/Src/fatfs_sd_card.o
 .text.SD_ReadyWait
                0x00000000080005c8       0x34 ./Core/Src/fatfs_sd_card.o
 .text.SD_PowerOn
                0x00000000080005fc       0x84 ./Core/Src/fatfs_sd_card.o
 .text.SD_PowerOff
                0x0000000008000680       0x18 ./Core/Src/fatfs_sd_card.o
 .text.SD_CheckPower
                0x0000000008000698       0x18 ./Core/Src/fatfs_sd_card.o
 .text.SD_RxDataBlock
                0x00000000080006b0       0x5c ./Core/Src/fatfs_sd_card.o
 .text.SD_TxDataBlock
                0x000000000800070c       0x86 ./Core/Src/fatfs_sd_card.o
 .text.SD_SendCmd
                0x0000000008000792       0xa8 ./Core/Src/fatfs_sd_card.o
 *fill*         0x000000000800083a        0x2 
 .text.SD_disk_initialize
                0x000000000800083c      0x1cc ./Core/Src/fatfs_sd_card.o
                0x000000000800083c                SD_disk_initialize
 .text.SD_disk_status
                0x0000000008000a08       0x2c ./Core/Src/fatfs_sd_card.o
                0x0000000008000a08                SD_disk_status
 .text.SD_disk_read
                0x0000000008000a34       0xd4 ./Core/Src/fatfs_sd_card.o
                0x0000000008000a34                SD_disk_read
 .text.SD_disk_write
                0x0000000008000b08      0x108 ./Core/Src/fatfs_sd_card.o
                0x0000000008000b08                SD_disk_write
 .text.SD_disk_ioctl
                0x0000000008000c10      0x258 ./Core/Src/fatfs_sd_card.o
                0x0000000008000c10                SD_disk_ioctl
 .text.HAL_UART_RxCpltCallback
                0x0000000008000e68       0x20 ./Core/Src/main.o
                0x0000000008000e68                HAL_UART_RxCpltCallback
 .text.HAL_GPIO_EXTI_Callback
                0x0000000008000e88       0x58 ./Core/Src/main.o
                0x0000000008000e88                HAL_GPIO_EXTI_Callback
 .text.main     0x0000000008000ee0       0xdc ./Core/Src/main.o
                0x0000000008000ee0                main
 .text.SystemClock_Config
                0x0000000008000fbc       0xd4 ./Core/Src/main.o
                0x0000000008000fbc                SystemClock_Config
 .text.MX_SPI1_Init
                0x0000000008001090       0x6c ./Core/Src/main.o
 .text.MX_UART4_Init
                0x00000000080010fc       0x54 ./Core/Src/main.o
 .text.MX_GPIO_Init
                0x0000000008001150       0xf8 ./Core/Src/main.o
 .text.Error_Handler
                0x0000000008001248        0xa ./Core/Src/main.o
                0x0000000008001248                Error_Handler
 *fill*         0x0000000008001252        0x2 
 .text.HAL_MspInit
                0x0000000008001254       0x50 ./Core/Src/stm32f4xx_hal_msp.o
                0x0000000008001254                HAL_MspInit
 .text.HAL_SPI_MspInit
                0x00000000080012a4       0x90 ./Core/Src/stm32f4xx_hal_msp.o
                0x00000000080012a4                HAL_SPI_MspInit
 .text.HAL_UART_MspInit
                0x0000000008001334       0xa0 ./Core/Src/stm32f4xx_hal_msp.o
                0x0000000008001334                HAL_UART_MspInit
 .text.NMI_Handler
                0x00000000080013d4        0x6 ./Core/Src/stm32f4xx_it.o
                0x00000000080013d4                NMI_Handler
 .text.HardFault_Handler
                0x00000000080013da        0x6 ./Core/Src/stm32f4xx_it.o
                0x00000000080013da                HardFault_Handler
 .text.MemManage_Handler
                0x00000000080013e0        0x6 ./Core/Src/stm32f4xx_it.o
                0x00000000080013e0                MemManage_Handler
 .text.BusFault_Handler
                0x00000000080013e6        0x6 ./Core/Src/stm32f4xx_it.o
                0x00000000080013e6                BusFault_Handler
 .text.UsageFault_Handler
                0x00000000080013ec        0x6 ./Core/Src/stm32f4xx_it.o
                0x00000000080013ec                UsageFault_Handler
 .text.SVC_Handler
                0x00000000080013f2        0xe ./Core/Src/stm32f4xx_it.o
                0x00000000080013f2                SVC_Handler
 .text.DebugMon_Handler
                0x0000000008001400        0xe ./Core/Src/stm32f4xx_it.o
                0x0000000008001400                DebugMon_Handler
 .text.PendSV_Handler
                0x000000000800140e        0xe ./Core/Src/stm32f4xx_it.o
                0x000000000800140e                PendSV_Handler
 .text.SysTick_Handler
                0x000000000800141c       0x3c ./Core/Src/stm32f4xx_it.o
                0x000000000800141c                SysTick_Handler
 .text.EXTI0_IRQHandler
                0x0000000008001458        0xe ./Core/Src/stm32f4xx_it.o
                0x0000000008001458                EXTI0_IRQHandler
 *fill*         0x0000000008001466        0x2 
 .text.UART4_IRQHandler
                0x0000000008001468       0x14 ./Core/Src/stm32f4xx_it.o
                0x0000000008001468                UART4_IRQHandler
 .text.SystemInit
                0x000000000800147c       0x24 ./Core/Src/system_stm32f4xx.o
                0x000000000800147c                SystemInit
 .text.Reset_Handler
                0x00000000080014a0       0x50 ./Core/Startup/startup_stm32f407vgtx.o
                0x00000000080014a0                Reset_Handler
 .text.Default_Handler
                0x00000000080014f0        0x2 ./Core/Startup/startup_stm32f407vgtx.o
                0x00000000080014f0                RTC_Alarm_IRQHandler
                0x00000000080014f0                HASH_RNG_IRQHandler
                0x00000000080014f0                EXTI2_IRQHandler
                0x00000000080014f0                TIM8_CC_IRQHandler
                0x00000000080014f0                TIM1_CC_IRQHandler
                0x00000000080014f0                DMA2_Stream5_IRQHandler
                0x00000000080014f0                DMA1_Stream5_IRQHandler
                0x00000000080014f0                PVD_IRQHandler
                0x00000000080014f0                SDIO_IRQHandler
                0x00000000080014f0                TAMP_STAMP_IRQHandler
                0x00000000080014f0                CAN2_RX1_IRQHandler
                0x00000000080014f0                EXTI3_IRQHandler
                0x00000000080014f0                TIM8_TRG_COM_TIM14_IRQHandler
                0x00000000080014f0                TIM1_UP_TIM10_IRQHandler
                0x00000000080014f0                TIM8_UP_TIM13_IRQHandler
                0x00000000080014f0                I2C3_ER_IRQHandler
                0x00000000080014f0                I2C2_EV_IRQHandler
                0x00000000080014f0                DMA1_Stream2_IRQHandler
                0x00000000080014f0                CAN1_RX0_IRQHandler
                0x00000000080014f0                FPU_IRQHandler
                0x00000000080014f0                OTG_HS_WKUP_IRQHandler
                0x00000000080014f0                CAN2_SCE_IRQHandler
                0x00000000080014f0                DMA2_Stream2_IRQHandler
                0x00000000080014f0                SPI1_IRQHandler
                0x00000000080014f0                TIM6_DAC_IRQHandler
                0x00000000080014f0                TIM1_BRK_TIM9_IRQHandler
                0x00000000080014f0                DCMI_IRQHandler
                0x00000000080014f0                CAN2_RX0_IRQHandler
                0x00000000080014f0                DMA2_Stream3_IRQHandler
                0x00000000080014f0                USART6_IRQHandler
                0x00000000080014f0                USART3_IRQHandler
                0x00000000080014f0                CAN1_RX1_IRQHandler
                0x00000000080014f0                UART5_IRQHandler
                0x00000000080014f0                DMA2_Stream0_IRQHandler
                0x00000000080014f0                TIM4_IRQHandler
                0x00000000080014f0                I2C1_EV_IRQHandler
                0x00000000080014f0                DMA1_Stream6_IRQHandler
                0x00000000080014f0                DMA1_Stream1_IRQHandler
                0x00000000080014f0                TIM3_IRQHandler
                0x00000000080014f0                RCC_IRQHandler
                0x00000000080014f0                TIM8_BRK_TIM12_IRQHandler
                0x00000000080014f0                Default_Handler
                0x00000000080014f0                EXTI15_10_IRQHandler
                0x00000000080014f0                ADC_IRQHandler
                0x00000000080014f0                DMA1_Stream7_IRQHandler
                0x00000000080014f0                TIM7_IRQHandler
                0x00000000080014f0                CAN2_TX_IRQHandler
                0x00000000080014f0                TIM5_IRQHandler
                0x00000000080014f0                DMA2_Stream7_IRQHandler
                0x00000000080014f0                I2C3_EV_IRQHandler
                0x00000000080014f0                EXTI9_5_IRQHandler
                0x00000000080014f0                RTC_WKUP_IRQHandler
                0x00000000080014f0                ETH_WKUP_IRQHandler
                0x00000000080014f0                SPI2_IRQHandler
                0x00000000080014f0                OTG_HS_EP1_IN_IRQHandler
                0x00000000080014f0                DMA1_Stream0_IRQHandler
                0x00000000080014f0                CAN1_TX_IRQHandler
                0x00000000080014f0                EXTI4_IRQHandler
                0x00000000080014f0                FSMC_IRQHandler
                0x00000000080014f0                ETH_IRQHandler
                0x00000000080014f0                OTG_HS_EP1_OUT_IRQHandler
                0x00000000080014f0                WWDG_IRQHandler
                0x00000000080014f0                TIM2_IRQHandler
                0x00000000080014f0                OTG_FS_WKUP_IRQHandler
                0x00000000080014f0                TIM1_TRG_COM_TIM11_IRQHandler
                0x00000000080014f0                OTG_HS_IRQHandler
                0x00000000080014f0                EXTI1_IRQHandler
                0x00000000080014f0                USART2_IRQHandler
                0x00000000080014f0                I2C2_ER_IRQHandler
                0x00000000080014f0                DMA2_Stream1_IRQHandler
                0x00000000080014f0                CAN1_SCE_IRQHandler
                0x00000000080014f0                FLASH_IRQHandler
                0x00000000080014f0                DMA2_Stream4_IRQHandler
                0x00000000080014f0                USART1_IRQHandler
                0x00000000080014f0                OTG_FS_IRQHandler
                0x00000000080014f0                SPI3_IRQHandler
                0x00000000080014f0                DMA1_Stream4_IRQHandler
                0x00000000080014f0                I2C1_ER_IRQHandler
                0x00000000080014f0                DMA2_Stream6_IRQHandler
                0x00000000080014f0                DMA1_Stream3_IRQHandler
 *fill*         0x00000000080014f2        0x2 
 .text.HAL_Init
                0x00000000080014f4       0x44 ./Drivers/STM32F4xx_HAL_Driver/Src/stm32f4xx_hal.o
                0x00000000080014f4                HAL_Init
 .text.HAL_InitTick
                0x0000000008001538       0x60 ./Drivers/STM32F4xx_HAL_Driver/Src/stm32f4xx_hal.o
                0x0000000008001538                HAL_InitTick
 .text.HAL_IncTick
                0x0000000008001598       0x28 ./Drivers/STM32F4xx_HAL_Driver/Src/stm32f4xx_hal.o
                0x0000000008001598                HAL_IncTick
 .text.HAL_GetTick
                0x00000000080015c0       0x18 ./Drivers/STM32F4xx_HAL_Driver/Src/stm32f4xx_hal.o
                0x00000000080015c0                HAL_GetTick
 .text.HAL_Delay
                0x00000000080015d8       0x48 ./Drivers/STM32F4xx_HAL_Driver/Src/stm32f4xx_hal.o
                0x00000000080015d8                HAL_Delay
 .text.__NVIC_SetPriorityGrouping
                0x0000000008001620       0x48 ./Drivers/STM32F4xx_HAL_Driver/Src/stm32f4xx_hal_cortex.o
 .text.__NVIC_GetPriorityGrouping
                0x0000000008001668       0x1c ./Drivers/STM32F4xx_HAL_Driver/Src/stm32f4xx_hal_cortex.o
 .text.__NVIC_EnableIRQ
                0x0000000008001684       0x3c ./Drivers/STM32F4xx_HAL_Driver/Src/stm32f4xx_hal_cortex.o
 .text.__NVIC_SetPriority
                0x00000000080016c0       0x54 ./Drivers/STM32F4xx_HAL_Driver/Src/stm32f4xx_hal_cortex.o
 .text.NVIC_EncodePriority
                0x0000000008001714       0x66 ./Drivers/STM32F4xx_HAL_Driver/Src/stm32f4xx_hal_cortex.o
 *fill*         0x000000000800177a        0x2 
 .text.SysTick_Config
                0x000000000800177c       0x44 ./Drivers/STM32F4xx_HAL_Driver/Src/stm32f4xx_hal_cortex.o
 .text.HAL_NVIC_SetPriorityGrouping
                0x00000000080017c0       0x16 ./Drivers/STM32F4xx_HAL_Driver/Src/stm32f4xx_hal_cortex.o
                0x00000000080017c0                HAL_NVIC_SetPriorityGrouping
 .text.HAL_NVIC_SetPriority
                0x00000000080017d6       0x38 ./Drivers/STM32F4xx_HAL_Driver/Src/stm32f4xx_hal_cortex.o
                0x00000000080017d6                HAL_NVIC_SetPriority
 .text.HAL_NVIC_EnableIRQ
                0x000000000800180e       0x1c ./Drivers/STM32F4xx_HAL_Driver/Src/stm32f4xx_hal_cortex.o
                0x000000000800180e                HAL_NVIC_EnableIRQ
 .text.HAL_SYSTICK_Config
                0x000000000800182a       0x18 ./Drivers/STM32F4xx_HAL_Driver/Src/stm32f4xx_hal_cortex.o
                0x000000000800182a                HAL_SYSTICK_Config
 .text.HAL_DMA_Abort
                0x0000000008001842       0xe0 ./Drivers/STM32F4xx_HAL_Driver/Src/stm32f4xx_hal_dma.o
                0x0000000008001842                HAL_DMA_Abort
 .text.HAL_DMA_Abort_IT
                0x0000000008001922       0x44 ./Drivers/STM32F4xx_HAL_Driver/Src/stm32f4xx_hal_dma.o
                0x0000000008001922                HAL_DMA_Abort_IT
 *fill*         0x0000000008001966        0x2 
 .text.HAL_GPIO_Init
                0x0000000008001968      0x338 ./Drivers/STM32F4xx_HAL_Driver/Src/stm32f4xx_hal_gpio.o
                0x0000000008001968                HAL_GPIO_Init
 .text.HAL_GPIO_WritePin
                0x0000000008001ca0       0x32 ./Drivers/STM32F4xx_HAL_Driver/Src/stm32f4xx_hal_gpio.o
                0x0000000008001ca0                HAL_GPIO_WritePin
 .text.HAL_GPIO_TogglePin
                0x0000000008001cd2       0x34 ./Drivers/STM32F4xx_HAL_Driver/Src/stm32f4xx_hal_gpio.o
                0x0000000008001cd2                HAL_GPIO_TogglePin
 *fill*         0x0000000008001d06        0x2 
 .text.HAL_GPIO_EXTI_IRQHandler
                0x0000000008001d08       0x30 ./Drivers/STM32F4xx_HAL_Driver/Src/stm32f4xx_hal_gpio.o
                0x0000000008001d08                HAL_GPIO_EXTI_IRQHandler
 .text.HAL_RCC_OscConfig
                0x0000000008001d38      0x4f0 ./Drivers/STM32F4xx_HAL_Driver/Src/stm32f4xx_hal_rcc.o
                0x0000000008001d38                HAL_RCC_OscConfig
 .text.HAL_RCC_ClockConfig
                0x0000000008002228      0x1cc ./Drivers/STM32F4xx_HAL_Driver/Src/stm32f4xx_hal_rcc.o
                0x0000000008002228                HAL_RCC_ClockConfig
 .text.HAL_RCC_GetSysClockFreq
                0x00000000080023f4      0x20c ./Drivers/STM32F4xx_HAL_Driver/Src/stm32f4xx_hal_rcc.o
                0x00000000080023f4                HAL_RCC_GetSysClockFreq
 .text.HAL_RCC_GetHCLKFreq
                0x0000000008002600       0x18 ./Drivers/STM32F4xx_HAL_Driver/Src/stm32f4xx_hal_rcc.o
                0x0000000008002600                HAL_RCC_GetHCLKFreq
 .text.HAL_RCC_GetPCLK1Freq
                0x0000000008002618       0x28 ./Drivers/STM32F4xx_HAL_Driver/Src/stm32f4xx_hal_rcc.o
                0x0000000008002618                HAL_RCC_GetPCLK1Freq
 .text.HAL_RCC_GetPCLK2Freq
                0x0000000008002640       0x28 ./Drivers/STM32F4xx_HAL_Driver/Src/stm32f4xx_hal_rcc.o
                0x0000000008002640                HAL_RCC_GetPCLK2Freq
 .text.HAL_SPI_Init
                0x0000000008002668      0x112 ./Drivers/STM32F4xx_HAL_Driver/Src/stm32f4xx_hal_spi.o
                0x0000000008002668                HAL_SPI_Init
 .text.HAL_SPI_Transmit
                0x000000000800277a      0x278 ./Drivers/STM32F4xx_HAL_Driver/Src/stm32f4xx_hal_spi.o
                0x000000000800277a                HAL_SPI_Transmit
 .text.HAL_SPI_TransmitReceive
                0x00000000080029f2      0x344 ./Drivers/STM32F4xx_HAL_Driver/Src/stm32f4xx_hal_spi.o
                0x00000000080029f2                HAL_SPI_TransmitReceive
 *fill*         0x0000000008002d36        0x2 
 .text.SPI_WaitFlagStateUntilTimeout
                0x0000000008002d38      0x110 ./Drivers/STM32F4xx_HAL_Driver/Src/stm32f4xx_hal_spi.o
 .text.SPI_EndRxTxTransaction
                0x0000000008002e48       0x84 ./Drivers/STM32F4xx_HAL_Driver/Src/stm32f4xx_hal_spi.o
 .text.HAL_UART_Init
                0x0000000008002ecc       0x9a ./Drivers/STM32F4xx_HAL_Driver/Src/stm32f4xx_hal_uart.o
                0x0000000008002ecc                HAL_UART_Init
 .text.HAL_UART_Receive_IT
                0x0000000008002f66       0x60 ./Drivers/STM32F4xx_HAL_Driver/Src/stm32f4xx_hal_uart.o
                0x0000000008002f66                HAL_UART_Receive_IT
 *fill*         0x0000000008002fc6        0x2 
 .text.HAL_UART_IRQHandler
                0x0000000008002fc8      0x51c ./Drivers/STM32F4xx_HAL_Driver/Src/stm32f4xx_hal_uart.o
                0x0000000008002fc8                HAL_UART_IRQHandler
 .text.HAL_UART_TxCpltCallback
                0x00000000080034e4       0x14 ./Drivers/STM32F4xx_HAL_Driver/Src/stm32f4xx_hal_uart.o
                0x00000000080034e4                HAL_UART_TxCpltCallback
 .text.HAL_UART_ErrorCallback
                0x00000000080034f8       0x14 ./Drivers/STM32F4xx_HAL_Driver/Src/stm32f4xx_hal_uart.o
                0x00000000080034f8                HAL_UART_ErrorCallback
 .text.HAL_UARTEx_RxEventCallback
                0x000000000800350c       0x18 ./Drivers/STM32F4xx_HAL_Driver/Src/stm32f4xx_hal_uart.o
                0x000000000800350c                HAL_UARTEx_RxEventCallback
 .text.UART_Start_Receive_IT
                0x0000000008003524       0x7c ./Drivers/STM32F4xx_HAL_Driver/Src/stm32f4xx_hal_uart.o
                0x0000000008003524                UART_Start_Receive_IT
 .text.UART_EndRxTransfer
                0x00000000080035a0       0xc6 ./Drivers/STM32F4xx_HAL_Driver/Src/stm32f4xx_hal_uart.o
 .text.UART_DMAAbortOnError
                0x0000000008003666       0x28 ./Drivers/STM32F4xx_HAL_Driver/Src/stm32f4xx_hal_uart.o
 .text.UART_Transmit_IT
                0x000000000800368e       0xa0 ./Drivers/STM32F4xx_HAL_Driver/Src/stm32f4xx_hal_uart.o
 .text.UART_EndTransmit_IT
                0x000000000800372e       0x30 ./Drivers/STM32F4xx_HAL_Driver/Src/stm32f4xx_hal_uart.o
 .text.UART_Receive_IT
                0x000000000800375e      0x176 ./Drivers/STM32F4xx_HAL_Driver/Src/stm32f4xx_hal_uart.o
 .text.UART_SetConfig
                0x00000000080038d4      0x4e8 ./Drivers/STM32F4xx_HAL_Driver/Src/stm32f4xx_hal_uart.o
 .text.MX_FATFS_Init
                0x0000000008003dbc       0x24 ./FATFS/App/fatfs.o
                0x0000000008003dbc                MX_FATFS_Init
 .text.get_fattime
                0x0000000008003de0       0x10 ./FATFS/App/fatfs.o
                0x0000000008003de0                get_fattime
 .text.USER_initialize
                0x0000000008003df0       0x1c ./FATFS/Target/user_diskio.o
                0x0000000008003df0                USER_initialize
 .text.USER_status
                0x0000000008003e0c       0x1c ./FATFS/Target/user_diskio.o
                0x0000000008003e0c                USER_status
 .text.USER_read
                0x0000000008003e28       0x26 ./FATFS/Target/user_diskio.o
                0x0000000008003e28                USER_read
 .text.USER_write
                0x0000000008003e4e       0x26 ./FATFS/Target/user_diskio.o
                0x0000000008003e4e                USER_write
 .text.USER_ioctl
                0x0000000008003e74       0x26 ./FATFS/Target/user_diskio.o
                0x0000000008003e74                USER_ioctl
 *fill*         0x0000000008003e9a        0x2 
 .text.disk_status
                0x0000000008003e9c       0x34 ./Middlewares/Third_Party/FatFs/src/diskio.o
                0x0000000008003e9c                disk_status
 .text.disk_initialize
                0x0000000008003ed0       0x4c ./Middlewares/Third_Party/FatFs/src/diskio.o
                0x0000000008003ed0                disk_initialize
 .text.disk_read
                0x0000000008003f1c       0x40 ./Middlewares/Third_Party/FatFs/src/diskio.o
                0x0000000008003f1c                disk_read
 .text.disk_write
                0x0000000008003f5c       0x40 ./Middlewares/Third_Party/FatFs/src/diskio.o
                0x0000000008003f5c                disk_write
 .text.disk_ioctl
                0x0000000008003f9c       0x3c ./Middlewares/Third_Party/FatFs/src/diskio.o
                0x0000000008003f9c                disk_ioctl
 .text.ld_word  0x0000000008003fd8       0x30 ./Middlewares/Third_Party/FatFs/src/ff.o
 .text.ld_dword
                0x0000000008004008       0x46 ./Middlewares/Third_Party/FatFs/src/ff.o
 .text.st_word  0x000000000800404e       0x36 ./Middlewares/Third_Party/FatFs/src/ff.o
 .text.st_dword
                0x0000000008004084       0x58 ./Middlewares/Third_Party/FatFs/src/ff.o
 .text.mem_cpy  0x00000000080040dc       0x42 ./Middlewares/Third_Party/FatFs/src/ff.o
 .text.mem_set  0x000000000800411e       0x36 ./Middlewares/Third_Party/FatFs/src/ff.o
 .text.mem_cmp  0x0000000008004154       0x4e ./Middlewares/Third_Party/FatFs/src/ff.o
 .text.chk_chr  0x00000000080041a2       0x36 ./Middlewares/Third_Party/FatFs/src/ff.o
 .text.chk_lock
                0x00000000080041d8       0xb8 ./Middlewares/Third_Party/FatFs/src/ff.o
 .text.enq_lock
                0x0000000008004290       0x44 ./Middlewares/Third_Party/FatFs/src/ff.o
 .text.inc_lock
                0x00000000080042d4      0x11c ./Middlewares/Third_Party/FatFs/src/ff.o
 .text.dec_lock
                0x00000000080043f0       0x78 ./Middlewares/Third_Party/FatFs/src/ff.o
 .text.clear_lock
                0x0000000008004468       0x48 ./Middlewares/Third_Party/FatFs/src/ff.o
 .text.sync_window
                0x00000000080044b0       0x88 ./Middlewares/Third_Party/FatFs/src/ff.o
 .text.move_window
                0x0000000008004538       0x5a ./Middlewares/Third_Party/FatFs/src/ff.o
 *fill*         0x0000000008004592        0x2 
 .text.sync_fs  0x0000000008004594       0xe0 ./Middlewares/Third_Party/FatFs/src/ff.o
 .text.clust2sect
                0x0000000008004674       0x3e ./Middlewares/Third_Party/FatFs/src/ff.o
 .text.get_fat  0x00000000080046b2      0x1a8 ./Middlewares/Third_Party/FatFs/src/ff.o
 .text.put_fat  0x000000000800485a      0x238 ./Middlewares/Third_Party/FatFs/src/ff.o
 .text.remove_chain
                0x0000000008004a92       0xca ./Middlewares/Third_Party/FatFs/src/ff.o
 .text.create_chain
                0x0000000008004b5c      0x130 ./Middlewares/Third_Party/FatFs/src/ff.o
 .text.clmt_clust
                0x0000000008004c8c       0x70 ./Middlewares/Third_Party/FatFs/src/ff.o
 .text.dir_sdi  0x0000000008004cfc      0x112 ./Middlewares/Third_Party/FatFs/src/ff.o
 .text.dir_next
                0x0000000008004e0e      0x1ac ./Middlewares/Third_Party/FatFs/src/ff.o
 .text.dir_alloc
                0x0000000008004fba       0x8e ./Middlewares/Third_Party/FatFs/src/ff.o
 .text.ld_clust
                0x0000000008005048       0x3e ./Middlewares/Third_Party/FatFs/src/ff.o
 .text.st_clust
                0x0000000008005086       0x40 ./Middlewares/Third_Party/FatFs/src/ff.o
 *fill*         0x00000000080050c6        0x2 
 .text.cmp_lfn  0x00000000080050c8       0xe0 ./Middlewares/Third_Party/FatFs/src/ff.o
 .text.put_lfn  0x00000000080051a8       0xd0 ./Middlewares/Third_Party/FatFs/src/ff.o
 .text.gen_numname
                0x0000000008005278      0x11c ./Middlewares/Third_Party/FatFs/src/ff.o
 .text.sum_sfn  0x0000000008005394       0x42 ./Middlewares/Third_Party/FatFs/src/ff.o
 .text.dir_find
                0x00000000080053d6      0x180 ./Middlewares/Third_Party/FatFs/src/ff.o
 *fill*         0x0000000008005556        0x2 
 .text.dir_register
                0x0000000008005558      0x1f0 ./Middlewares/Third_Party/FatFs/src/ff.o
 .text.create_name
                0x0000000008005748      0x370 ./Middlewares/Third_Party/FatFs/src/ff.o
 .text.follow_path
                0x0000000008005ab8       0xec ./Middlewares/Third_Party/FatFs/src/ff.o
 .text.get_ldnumber
                0x0000000008005ba4       0x88 ./Middlewares/Third_Party/FatFs/src/ff.o
 .text.check_fs
                0x0000000008005c2c       0xac ./Middlewares/Third_Party/FatFs/src/ff.o
 .text.find_volume
                0x0000000008005cd8      0x50c ./Middlewares/Third_Party/FatFs/src/ff.o
 .text.validate
                0x00000000080061e4       0x6a ./Middlewares/Third_Party/FatFs/src/ff.o
 *fill*         0x000000000800624e        0x2 
 .text.f_mount  0x0000000008006250       0x8c ./Middlewares/Third_Party/FatFs/src/ff.o
                0x0000000008006250                f_mount
 .text.f_open   0x00000000080062dc      0x398 ./Middlewares/Third_Party/FatFs/src/ff.o
                0x00000000080062dc                f_open
 .text.f_write  0x0000000008006674      0x328 ./Middlewares/Third_Party/FatFs/src/ff.o
                0x0000000008006674                f_write
 .text.f_sync   0x000000000800699c       0xfc ./Middlewares/Third_Party/FatFs/src/ff.o
                0x000000000800699c                f_sync
 .text.f_close  0x0000000008006a98       0x54 ./Middlewares/Third_Party/FatFs/src/ff.o
                0x0000000008006a98                f_close
 .text.putc_bfd
                0x0000000008006aec       0x7a ./Middlewares/Third_Party/FatFs/src/ff.o
 .text.putc_flush
                0x0000000008006b66       0x4a ./Middlewares/Third_Party/FatFs/src/ff.o
 .text.putc_init
                0x0000000008006bb0       0x2a ./Middlewares/Third_Party/FatFs/src/ff.o
 .text.f_putc   0x0000000008006bda       0x3a ./Middlewares/Third_Party/FatFs/src/ff.o
                0x0000000008006bda                f_putc
 .text.f_puts   0x0000000008006c14       0x48 ./Middlewares/Third_Party/FatFs/src/ff.o
                0x0000000008006c14                f_puts
 .text.FATFS_LinkDriverEx
                0x0000000008006c5c       0x98 ./Middlewares/Third_Party/FatFs/src/ff_gen_drv.o
                0x0000000008006c5c                FATFS_LinkDriverEx
 .text.FATFS_LinkDriver
                0x0000000008006cf4       0x1e ./Middlewares/Third_Party/FatFs/src/ff_gen_drv.o
                0x0000000008006cf4                FATFS_LinkDriver
 *fill*         0x0000000008006d12        0x2 
 .text.ff_convert
                0x0000000008006d14       0x78 ./Middlewares/Third_Party/FatFs/src/option/ccsbcs.o
                0x0000000008006d14                ff_convert
 .text.ff_wtoupper
                0x0000000008006d8c      0x114 ./Middlewares/Third_Party/FatFs/src/option/ccsbcs.o
                0x0000000008006d8c                ff_wtoupper
 .text.__libc_init_array
                0x0000000008006ea0       0x48 c:/st/stm32cubeide_1.11.0/stm32cubeide/plugins/com.st.stm32cube.ide.mcu.externaltools.gnu-tools-for-stm32.10.3-2021.10.win32_1.0.100.202210260954/tools/bin/../lib/gcc/arm-none-eabi/10.3.1/../../../../arm-none-eabi/lib/thumb/v7e-m+fp/hard\libc_nano.a(lib_a-init.o)
                0x0000000008006ea0                __libc_init_array
 .text.memset   0x0000000008006ee8       0x10 c:/st/stm32cubeide_1.11.0/stm32cubeide/plugins/com.st.stm32cube.ide.mcu.externaltools.gnu-tools-for-stm32.10.3-2021.10.win32_1.0.100.202210260954/tools/bin/../lib/gcc/arm-none-eabi/10.3.1/../../../../arm-none-eabi/lib/thumb/v7e-m+fp/hard\libc_nano.a(lib_a-memset.o)
                0x0000000008006ee8                memset
 *(.glue_7)
 .glue_7        0x0000000008006ef8        0x0 linker stubs
 *(.glue_7t)
 .glue_7t       0x0000000008006ef8        0x0 linker stubs
 *(.eh_frame)
 .eh_frame      0x0000000008006ef8        0x0 c:/st/stm32cubeide_1.11.0/stm32cubeide/plugins/com.st.stm32cube.ide.mcu.externaltools.gnu-tools-for-stm32.10.3-2021.10.win32_1.0.100.202210260954/tools/bin/../lib/gcc/arm-none-eabi/10.3.1/thumb/v7e-m+fp/hard/crtbegin.o
 *(.init)
 .init          0x0000000008006ef8        0x4 c:/st/stm32cubeide_1.11.0/stm32cubeide/plugins/com.st.stm32cube.ide.mcu.externaltools.gnu-tools-for-stm32.10.3-2021.10.win32_1.0.100.202210260954/tools/bin/../lib/gcc/arm-none-eabi/10.3.1/thumb/v7e-m+fp/hard/crti.o
                0x0000000008006ef8                _init
 .init          0x0000000008006efc        0x8 c:/st/stm32cubeide_1.11.0/stm32cubeide/plugins/com.st.stm32cube.ide.mcu.externaltools.gnu-tools-for-stm32.10.3-2021.10.win32_1.0.100.202210260954/tools/bin/../lib/gcc/arm-none-eabi/10.3.1/thumb/v7e-m+fp/hard/crtn.o
 *(.fini)
 .fini          0x0000000008006f04        0x4 c:/st/stm32cubeide_1.11.0/stm32cubeide/plugins/com.st.stm32cube.ide.mcu.externaltools.gnu-tools-for-stm32.10.3-2021.10.win32_1.0.100.202210260954/tools/bin/../lib/gcc/arm-none-eabi/10.3.1/thumb/v7e-m+fp/hard/crti.o
                0x0000000008006f04                _fini
 .fini          0x0000000008006f08        0x8 c:/st/stm32cubeide_1.11.0/stm32cubeide/plugins/com.st.stm32cube.ide.mcu.externaltools.gnu-tools-for-stm32.10.3-2021.10.win32_1.0.100.202210260954/tools/bin/../lib/gcc/arm-none-eabi/10.3.1/thumb/v7e-m+fp/hard/crtn.o
                0x0000000008006f10                . = ALIGN (0x4)
                0x0000000008006f10                _etext = .

.vfp11_veneer   0x0000000008006f10        0x0
 .vfp11_veneer  0x0000000008006f10        0x0 linker stubs

.v4_bx          0x0000000008006f10        0x0
 .v4_bx         0x0000000008006f10        0x0 linker stubs

.iplt           0x0000000008006f10        0x0
 .iplt          0x0000000008006f10        0x0 c:/st/stm32cubeide_1.11.0/stm32cubeide/plugins/com.st.stm32cube.ide.mcu.externaltools.gnu-tools-for-stm32.10.3-2021.10.win32_1.0.100.202210260954/tools/bin/../lib/gcc/arm-none-eabi/10.3.1/thumb/v7e-m+fp/hard/crtbegin.o

.rodata         0x0000000008006f10      0x4bc
                0x0000000008006f10                . = ALIGN (0x4)
 *(.rodata)
 .rodata        0x0000000008006f10       0x19 ./Core/Src/main.o
 *fill*         0x0000000008006f29        0x3 
 .rodata        0x0000000008006f2c       0x48 ./Middlewares/Third_Party/FatFs/src/ff.o
 *(.rodata*)
 .rodata.AHBPrescTable
                0x0000000008006f74       0x10 ./Core/Src/system_stm32f4xx.o
                0x0000000008006f74                AHBPrescTable
 .rodata.APBPrescTable
                0x0000000008006f84        0x8 ./Core/Src/system_stm32f4xx.o
                0x0000000008006f84                APBPrescTable
 .rodata.ExCvt  0x0000000008006f8c       0x80 ./Middlewares/Third_Party/FatFs/src/ff.o
 .rodata.LfnOfs
                0x000000000800700c        0xd ./Middlewares/Third_Party/FatFs/src/ff.o
 *fill*         0x0000000008007019        0x3 
 .rodata.Tbl    0x000000000800701c      0x100 ./Middlewares/Third_Party/FatFs/src/option/ccsbcs.o
 .rodata.cvt1.1
                0x000000000800711c      0x1f2 ./Middlewares/Third_Party/FatFs/src/option/ccsbcs.o
 *fill*         0x000000000800730e        0x2 
 .rodata.cvt2.0
                0x0000000008007310       0xbc ./Middlewares/Third_Party/FatFs/src/option/ccsbcs.o
                0x00000000080073cc                . = ALIGN (0x4)

.ARM.extab      0x00000000080073cc        0x0
                0x00000000080073cc                . = ALIGN (0x4)
 *(.ARM.extab* .gnu.linkonce.armextab.*)
                0x00000000080073cc                . = ALIGN (0x4)

.ARM            0x00000000080073cc        0x8
                0x00000000080073cc                . = ALIGN (0x4)
                0x00000000080073cc                __exidx_start = .
 *(.ARM.exidx*)
 .ARM.exidx     0x00000000080073cc        0x8 c:/st/stm32cubeide_1.11.0/stm32cubeide/plugins/com.st.stm32cube.ide.mcu.externaltools.gnu-tools-for-stm32.10.3-2021.10.win32_1.0.100.202210260954/tools/bin/../lib/gcc/arm-none-eabi/10.3.1/thumb/v7e-m+fp/hard\libgcc.a(_udivmoddi4.o)
                0x00000000080073d4                __exidx_end = .
                0x00000000080073d4                . = ALIGN (0x4)

.rel.dyn        0x00000000080073d4        0x0
 .rel.iplt      0x00000000080073d4        0x0 c:/st/stm32cubeide_1.11.0/stm32cubeide/plugins/com.st.stm32cube.ide.mcu.externaltools.gnu-tools-for-stm32.10.3-2021.10.win32_1.0.100.202210260954/tools/bin/../lib/gcc/arm-none-eabi/10.3.1/thumb/v7e-m+fp/hard/crtbegin.o

.preinit_array  0x00000000080073d4        0x0
                0x00000000080073d4                . = ALIGN (0x4)
                0x00000000080073d4                PROVIDE (__preinit_array_start = .)
 *(.preinit_array*)
                0x00000000080073d4                PROVIDE (__preinit_array_end = .)
                0x00000000080073d4                . = ALIGN (0x4)

.init_array     0x00000000080073d4        0x4
                0x00000000080073d4                . = ALIGN (0x4)
                0x00000000080073d4                PROVIDE (__init_array_start = .)
 *(SORT_BY_NAME(.init_array.*))
 *(.init_array*)
 .init_array    0x00000000080073d4        0x4 c:/st/stm32cubeide_1.11.0/stm32cubeide/plugins/com.st.stm32cube.ide.mcu.externaltools.gnu-tools-for-stm32.10.3-2021.10.win32_1.0.100.202210260954/tools/bin/../lib/gcc/arm-none-eabi/10.3.1/thumb/v7e-m+fp/hard/crtbegin.o
                0x00000000080073d8                PROVIDE (__init_array_end = .)
                0x00000000080073d8                . = ALIGN (0x4)

.fini_array     0x00000000080073d8        0x4
                0x00000000080073d8                . = ALIGN (0x4)
                [!provide]                        PROVIDE (__fini_array_start = .)
 *(SORT_BY_NAME(.fini_array.*))
 *(.fini_array*)
 .fini_array    0x00000000080073d8        0x4 c:/st/stm32cubeide_1.11.0/stm32cubeide/plugins/com.st.stm32cube.ide.mcu.externaltools.gnu-tools-for-stm32.10.3-2021.10.win32_1.0.100.202210260954/tools/bin/../lib/gcc/arm-none-eabi/10.3.1/thumb/v7e-m+fp/hard/crtbegin.o
                [!provide]                        PROVIDE (__fini_array_end = .)
                0x00000000080073dc                . = ALIGN (0x4)
                0x00000000080073dc                _sidata = LOADADDR (.data)

.data           0x0000000020000000       0x28 load address 0x00000000080073dc
                0x0000000020000000                . = ALIGN (0x4)
                0x0000000020000000                _sdata = .
 *(.data)
 *(.data*)
 .data.Stat     0x0000000020000000        0x1 ./Core/Src/fatfs_sd_card.o
 .data.fres     0x0000000020000001        0x1 ./Core/Src/main.o
                0x0000000020000001                fres
 *fill*         0x0000000020000002        0x2 
 .data.start    0x0000000020000004        0x4 ./Core/Src/main.o
                0x0000000020000004                start
 .data.SystemCoreClock
                0x0000000020000008        0x4 ./Core/Src/system_stm32f4xx.o
                0x0000000020000008                SystemCoreClock
 .data.uwTickPrio
                0x000000002000000c        0x4 ./Drivers/STM32F4xx_HAL_Driver/Src/stm32f4xx_hal.o
                0x000000002000000c                uwTickPrio
 .data.uwTickFreq
                0x0000000020000010        0x1 ./Drivers/STM32F4xx_HAL_Driver/Src/stm32f4xx_hal.o
                0x0000000020000010                uwTickFreq
 *fill*         0x0000000020000011        0x3 
 .data.USER_Driver
                0x0000000020000014       0x14 ./FATFS/Target/user_diskio.o
                0x0000000020000014                USER_Driver
 *(.RamFunc)
 *(.RamFunc*)
                0x0000000020000028                . = ALIGN (0x4)
                0x0000000020000028                _edata = .
                0x0000000008007404                _siccmram = LOADADDR (.ccmram)

.igot.plt       0x0000000020000028        0x0 load address 0x0000000008007404
 .igot.plt      0x0000000020000028        0x0 c:/st/stm32cubeide_1.11.0/stm32cubeide/plugins/com.st.stm32cube.ide.mcu.externaltools.gnu-tools-for-stm32.10.3-2021.10.win32_1.0.100.202210260954/tools/bin/../lib/gcc/arm-none-eabi/10.3.1/thumb/v7e-m+fp/hard/crtbegin.o

.ccmram         0x0000000010000000        0x0 load address 0x0000000008007404
                0x0000000010000000                . = ALIGN (0x4)
                0x0000000010000000                _sccmram = .
 *(.ccmram)
 *(.ccmram*)
                0x0000000010000000                . = ALIGN (0x4)
                0x0000000010000000                _eccmram = .
                0x0000000010000000                . = ALIGN (0x4)

.bss            0x0000000020000028     0x2370
                0x0000000020000028                _sbss = .
                0x0000000020000028                __bss_start__ = _sbss
 *(.bss)
 .bss           0x0000000020000028       0x1c c:/st/stm32cubeide_1.11.0/stm32cubeide/plugins/com.st.stm32cube.ide.mcu.externaltools.gnu-tools-for-stm32.10.3-2021.10.win32_1.0.100.202210260954/tools/bin/../lib/gcc/arm-none-eabi/10.3.1/thumb/v7e-m+fp/hard/crtbegin.o
 *(.bss*)
 .bss.Timer1    0x0000000020000044        0x2 ./Core/Src/fatfs_sd_card.o
                0x0000000020000044                Timer1
 .bss.Timer2    0x0000000020000046        0x2 ./Core/Src/fatfs_sd_card.o
                0x0000000020000046                Timer2
 .bss.CardType  0x0000000020000048        0x1 ./Core/Src/fatfs_sd_card.o
 .bss.PowerFlag
                0x0000000020000049        0x1 ./Core/Src/fatfs_sd_card.o
 *fill*         0x000000002000004a        0x2 
 .bss.hspi1     0x000000002000004c       0x58 ./Core/Src/main.o
                0x000000002000004c                hspi1
 .bss.huart4    0x00000000200000a4       0x44 ./Core/Src/main.o
                0x00000000200000a4                huart4
 .bss.uart_data
                0x00000000200000e8        0x1 ./Core/Src/main.o
                0x00000000200000e8                uart_data
 .bss.active    0x00000000200000e9        0x1 ./Core/Src/main.o
                0x00000000200000e9                active
 .bss.measurement_done
                0x00000000200000ea        0x1 ./Core/Src/main.o
                0x00000000200000ea                measurement_done
 *fill*         0x00000000200000eb        0x1 
 .bss.FatFs     0x00000000200000ec     0x1038 ./Core/Src/main.o
                0x00000000200000ec                FatFs
 .bss.fil       0x0000000020001124     0x1030 ./Core/Src/main.o
                0x0000000020001124                fil
 .bss.new_byte  0x0000000020002154        0x1 ./Core/Src/main.o
                0x0000000020002154                new_byte
 *fill*         0x0000000020002155        0x3 
 .bss.uwTick    0x0000000020002158        0x4 ./Drivers/STM32F4xx_HAL_Driver/Src/stm32f4xx_hal.o
                0x0000000020002158                uwTick
 .bss.retUSER   0x000000002000215c        0x1 ./FATFS/App/fatfs.o
                0x000000002000215c                retUSER
 *fill*         0x000000002000215d        0x3 
 .bss.USERPath  0x0000000020002160        0x4 ./FATFS/App/fatfs.o
                0x0000000020002160                USERPath
 .bss.FatFs     0x0000000020002164        0x4 ./Middlewares/Third_Party/FatFs/src/ff.o
 .bss.Fsid      0x0000000020002168        0x2 ./Middlewares/Third_Party/FatFs/src/ff.o
 *fill*         0x000000002000216a        0x2 
 .bss.Files     0x000000002000216c       0x20 ./Middlewares/Third_Party/FatFs/src/ff.o
 .bss.LfnBuf    0x000000002000218c      0x200 ./Middlewares/Third_Party/FatFs/src/ff.o
 .bss.disk      0x000000002000238c        0xc ./Middlewares/Third_Party/FatFs/src/ff_gen_drv.o
                0x000000002000238c                disk
 *(COMMON)
                0x0000000020002398                . = ALIGN (0x4)
                0x0000000020002398                _ebss = .
                0x0000000020002398                __bss_end__ = _ebss

._user_heap_stack
                0x0000000020002398      0x600
                0x0000000020002398                . = ALIGN (0x8)
                [!provide]                        PROVIDE (end = .)
                0x0000000020002398                PROVIDE (_end = .)
                0x0000000020002598                . = (. + _Min_Heap_Size)
 *fill*         0x0000000020002398      0x200 
                0x0000000020002998                . = (. + _Min_Stack_Size)
 *fill*         0x0000000020002598      0x400 
                0x0000000020002998                . = ALIGN (0x8)

/DISCARD/
 libc.a(*)
 libm.a(*)
 libgcc.a(*)

.ARM.attributes
                0x0000000000000000       0x30
 *(.ARM.attributes)
 .ARM.attributes
                0x0000000000000000       0x1e c:/st/stm32cubeide_1.11.0/stm32cubeide/plugins/com.st.stm32cube.ide.mcu.externaltools.gnu-tools-for-stm32.10.3-2021.10.win32_1.0.100.202210260954/tools/bin/../lib/gcc/arm-none-eabi/10.3.1/thumb/v7e-m+fp/hard/crti.o
 .ARM.attributes
                0x000000000000001e       0x34 c:/st/stm32cubeide_1.11.0/stm32cubeide/plugins/com.st.stm32cube.ide.mcu.externaltools.gnu-tools-for-stm32.10.3-2021.10.win32_1.0.100.202210260954/tools/bin/../lib/gcc/arm-none-eabi/10.3.1/thumb/v7e-m+fp/hard/crtbegin.o
 .ARM.attributes
                0x0000000000000052       0x34 ./Core/Src/fatfs_sd_card.o
 .ARM.attributes
                0x0000000000000086       0x34 ./Core/Src/main.o
 .ARM.attributes
                0x00000000000000ba       0x34 ./Core/Src/stm32f4xx_hal_msp.o
 .ARM.attributes
                0x00000000000000ee       0x34 ./Core/Src/stm32f4xx_it.o
 .ARM.attributes
                0x0000000000000122       0x34 ./Core/Src/system_stm32f4xx.o
 .ARM.attributes
                0x0000000000000156       0x21 ./Core/Startup/startup_stm32f407vgtx.o
 .ARM.attributes
                0x0000000000000177       0x34 ./Drivers/STM32F4xx_HAL_Driver/Src/stm32f4xx_hal.o
 .ARM.attributes
                0x00000000000001ab       0x34 ./Drivers/STM32F4xx_HAL_Driver/Src/stm32f4xx_hal_cortex.o
 .ARM.attributes
                0x00000000000001df       0x34 ./Drivers/STM32F4xx_HAL_Driver/Src/stm32f4xx_hal_dma.o
 .ARM.attributes
                0x0000000000000213       0x34 ./Drivers/STM32F4xx_HAL_Driver/Src/stm32f4xx_hal_gpio.o
 .ARM.attributes
                0x0000000000000247       0x34 ./Drivers/STM32F4xx_HAL_Driver/Src/stm32f4xx_hal_rcc.o
 .ARM.attributes
                0x000000000000027b       0x34 ./Drivers/STM32F4xx_HAL_Driver/Src/stm32f4xx_hal_spi.o
 .ARM.attributes
                0x00000000000002af       0x34 ./Drivers/STM32F4xx_HAL_Driver/Src/stm32f4xx_hal_uart.o
 .ARM.attributes
                0x00000000000002e3       0x34 ./FATFS/App/fatfs.o
 .ARM.attributes
                0x0000000000000317       0x34 ./FATFS/Target/user_diskio.o
 .ARM.attributes
                0x000000000000034b       0x34 ./Middlewares/Third_Party/FatFs/src/diskio.o
 .ARM.attributes
                0x000000000000037f       0x34 ./Middlewares/Third_Party/FatFs/src/ff.o
 .ARM.attributes
                0x00000000000003b3       0x34 ./Middlewares/Third_Party/FatFs/src/ff_gen_drv.o
 .ARM.attributes
                0x00000000000003e7       0x34 ./Middlewares/Third_Party/FatFs/src/option/ccsbcs.o
 .ARM.attributes
                0x000000000000041b       0x34 c:/st/stm32cubeide_1.11.0/stm32cubeide/plugins/com.st.stm32cube.ide.mcu.externaltools.gnu-tools-for-stm32.10.3-2021.10.win32_1.0.100.202210260954/tools/bin/../lib/gcc/arm-none-eabi/10.3.1/../../../../arm-none-eabi/lib/thumb/v7e-m+fp/hard\libc_nano.a(lib_a-init.o)
 .ARM.attributes
                0x000000000000044f       0x34 c:/st/stm32cubeide_1.11.0/stm32cubeide/plugins/com.st.stm32cube.ide.mcu.externaltools.gnu-tools-for-stm32.10.3-2021.10.win32_1.0.100.202210260954/tools/bin/../lib/gcc/arm-none-eabi/10.3.1/../../../../arm-none-eabi/lib/thumb/v7e-m+fp/hard\libc_nano.a(lib_a-memset.o)
 .ARM.attributes
                0x0000000000000483       0x1e c:/st/stm32cubeide_1.11.0/stm32cubeide/plugins/com.st.stm32cube.ide.mcu.externaltools.gnu-tools-for-stm32.10.3-2021.10.win32_1.0.100.202210260954/tools/bin/../lib/gcc/arm-none-eabi/10.3.1/thumb/v7e-m+fp/hard\libgcc.a(_aeabi_uldivmod.o)
 .ARM.attributes
                0x00000000000004a1       0x34 c:/st/stm32cubeide_1.11.0/stm32cubeide/plugins/com.st.stm32cube.ide.mcu.externaltools.gnu-tools-for-stm32.10.3-2021.10.win32_1.0.100.202210260954/tools/bin/../lib/gcc/arm-none-eabi/10.3.1/thumb/v7e-m+fp/hard\libgcc.a(_udivmoddi4.o)
 .ARM.attributes
                0x00000000000004d5       0x1e c:/st/stm32cubeide_1.11.0/stm32cubeide/plugins/com.st.stm32cube.ide.mcu.externaltools.gnu-tools-for-stm32.10.3-2021.10.win32_1.0.100.202210260954/tools/bin/../lib/gcc/arm-none-eabi/10.3.1/thumb/v7e-m+fp/hard\libgcc.a(_dvmd_tls.o)
 .ARM.attributes
                0x00000000000004f3       0x1e c:/st/stm32cubeide_1.11.0/stm32cubeide/plugins/com.st.stm32cube.ide.mcu.externaltools.gnu-tools-for-stm32.10.3-2021.10.win32_1.0.100.202210260954/tools/bin/../lib/gcc/arm-none-eabi/10.3.1/thumb/v7e-m+fp/hard/crtn.o
OUTPUT(neo_7m.elf elf32-littlearm)
LOAD linker stubs
LOAD c:/st/stm32cubeide_1.11.0/stm32cubeide/plugins/com.st.stm32cube.ide.mcu.externaltools.gnu-tools-for-stm32.10.3-2021.10.win32_1.0.100.202210260954/tools/bin/../lib/gcc/arm-none-eabi/10.3.1/../../../../arm-none-eabi/lib/thumb/v7e-m+fp/hard\libc.a
LOAD c:/st/stm32cubeide_1.11.0/stm32cubeide/plugins/com.st.stm32cube.ide.mcu.externaltools.gnu-tools-for-stm32.10.3-2021.10.win32_1.0.100.202210260954/tools/bin/../lib/gcc/arm-none-eabi/10.3.1/../../../../arm-none-eabi/lib/thumb/v7e-m+fp/hard\libm.a
LOAD c:/st/stm32cubeide_1.11.0/stm32cubeide/plugins/com.st.stm32cube.ide.mcu.externaltools.gnu-tools-for-stm32.10.3-2021.10.win32_1.0.100.202210260954/tools/bin/../lib/gcc/arm-none-eabi/10.3.1/thumb/v7e-m+fp/hard\libgcc.a

.debug_info     0x0000000000000000     0xf392
 .debug_info    0x0000000000000000      0xcdb ./Core/Src/fatfs_sd_card.o
 .debug_info    0x0000000000000cdb     0x1633 ./Core/Src/main.o
 .debug_info    0x000000000000230e      0xf0c ./Core/Src/stm32f4xx_hal_msp.o
 .debug_info    0x000000000000321a      0x6a1 ./Core/Src/stm32f4xx_it.o
 .debug_info    0x00000000000038bb      0x523 ./Core/Src/system_stm32f4xx.o
 .debug_info    0x0000000000003dde       0x22 ./Core/Startup/startup_stm32f407vgtx.o
 .debug_info    0x0000000000003e00      0x97c ./Drivers/STM32F4xx_HAL_Driver/Src/stm32f4xx_hal.o
 .debug_info    0x000000000000477c      0xe1b ./Drivers/STM32F4xx_HAL_Driver/Src/stm32f4xx_hal_cortex.o
 .debug_info    0x0000000000005597      0x94f ./Drivers/STM32F4xx_HAL_Driver/Src/stm32f4xx_hal_dma.o
 .debug_info    0x0000000000005ee6      0x76a ./Drivers/STM32F4xx_HAL_Driver/Src/stm32f4xx_hal_gpio.o
 .debug_info    0x0000000000006650      0x966 ./Drivers/STM32F4xx_HAL_Driver/Src/stm32f4xx_hal_rcc.o
 .debug_info    0x0000000000006fb6     0x1758 ./Drivers/STM32F4xx_HAL_Driver/Src/stm32f4xx_hal_spi.o
 .debug_info    0x000000000000870e     0x31bc ./Drivers/STM32F4xx_HAL_Driver/Src/stm32f4xx_hal_uart.o
 .debug_info    0x000000000000b8ca      0x526 ./FATFS/App/fatfs.o
 .debug_info    0x000000000000bdf0      0x3d2 ./FATFS/Target/user_diskio.o
 .debug_info    0x000000000000c1c2      0x412 ./Middlewares/Third_Party/FatFs/src/diskio.o
 .debug_info    0x000000000000c5d4     0x284f ./Middlewares/Third_Party/FatFs/src/ff.o
 .debug_info    0x000000000000ee23      0x3a9 ./Middlewares/Third_Party/FatFs/src/ff_gen_drv.o
 .debug_info    0x000000000000f1cc      0x1c6 ./Middlewares/Third_Party/FatFs/src/option/ccsbcs.o

.debug_abbrev   0x0000000000000000     0x2470
 .debug_abbrev  0x0000000000000000      0x2d7 ./Core/Src/fatfs_sd_card.o
 .debug_abbrev  0x00000000000002d7      0x2fb ./Core/Src/main.o
 .debug_abbrev  0x00000000000005d2      0x1b9 ./Core/Src/stm32f4xx_hal_msp.o
 .debug_abbrev  0x000000000000078b      0x17b ./Core/Src/stm32f4xx_it.o
 .debug_abbrev  0x0000000000000906      0x116 ./Core/Src/system_stm32f4xx.o
 .debug_abbrev  0x0000000000000a1c       0x12 ./Core/Startup/startup_stm32f407vgtx.o
 .debug_abbrev  0x0000000000000a2e      0x20d ./Drivers/STM32F4xx_HAL_Driver/Src/stm32f4xx_hal.o
 .debug_abbrev  0x0000000000000c3b      0x316 ./Drivers/STM32F4xx_HAL_Driver/Src/stm32f4xx_hal_cortex.o
 .debug_abbrev  0x0000000000000f51      0x25b ./Drivers/STM32F4xx_HAL_Driver/Src/stm32f4xx_hal_dma.o
 .debug_abbrev  0x00000000000011ac      0x1c4 ./Drivers/STM32F4xx_HAL_Driver/Src/stm32f4xx_hal_gpio.o
 .debug_abbrev  0x0000000000001370      0x2aa ./Drivers/STM32F4xx_HAL_Driver/Src/stm32f4xx_hal_rcc.o
 .debug_abbrev  0x000000000000161a      0x26e ./Drivers/STM32F4xx_HAL_Driver/Src/stm32f4xx_hal_spi.o
 .debug_abbrev  0x0000000000001888      0x2f4 ./Drivers/STM32F4xx_HAL_Driver/Src/stm32f4xx_hal_uart.o
 .debug_abbrev  0x0000000000001b7c      0x15a ./FATFS/App/fatfs.o
 .debug_abbrev  0x0000000000001cd6      0x13f ./FATFS/Target/user_diskio.o
 .debug_abbrev  0x0000000000001e15      0x178 ./Middlewares/Third_Party/FatFs/src/diskio.o
 .debug_abbrev  0x0000000000001f8d      0x271 ./Middlewares/Third_Party/FatFs/src/ff.o
 .debug_abbrev  0x00000000000021fe      0x196 ./Middlewares/Third_Party/FatFs/src/ff_gen_drv.o
 .debug_abbrev  0x0000000000002394       0xdc ./Middlewares/Third_Party/FatFs/src/option/ccsbcs.o

.debug_aranges  0x0000000000000000      0xc90
 .debug_aranges
                0x0000000000000000       0xa8 ./Core/Src/fatfs_sd_card.o
 .debug_aranges
                0x00000000000000a8       0x58 ./Core/Src/main.o
 .debug_aranges
                0x0000000000000100       0x40 ./Core/Src/stm32f4xx_hal_msp.o
 .debug_aranges
                0x0000000000000140       0x70 ./Core/Src/stm32f4xx_it.o
 .debug_aranges
                0x00000000000001b0       0x28 ./Core/Src/system_stm32f4xx.o
 .debug_aranges
                0x00000000000001d8       0x28 ./Core/Startup/startup_stm32f407vgtx.o
 .debug_aranges
                0x0000000000000200       0xf0 ./Drivers/STM32F4xx_HAL_Driver/Src/stm32f4xx_hal.o
 .debug_aranges
                0x00000000000002f0      0x118 ./Drivers/STM32F4xx_HAL_Driver/Src/stm32f4xx_hal_cortex.o
 .debug_aranges
                0x0000000000000408       0x90 ./Drivers/STM32F4xx_HAL_Driver/Src/stm32f4xx_hal_dma.o
 .debug_aranges
                0x0000000000000498       0x58 ./Drivers/STM32F4xx_HAL_Driver/Src/stm32f4xx_hal_gpio.o
 .debug_aranges
                0x00000000000004f0       0x88 ./Drivers/STM32F4xx_HAL_Driver/Src/stm32f4xx_hal_rcc.o
 .debug_aranges
                0x0000000000000578      0x1d0 ./Drivers/STM32F4xx_HAL_Driver/Src/stm32f4xx_hal_spi.o
 .debug_aranges
                0x0000000000000748      0x200 ./Drivers/STM32F4xx_HAL_Driver/Src/stm32f4xx_hal_uart.o
 .debug_aranges
                0x0000000000000948       0x28 ./FATFS/App/fatfs.o
 .debug_aranges
                0x0000000000000970       0x40 ./FATFS/Target/user_diskio.o
 .debug_aranges
                0x00000000000009b0       0x48 ./Middlewares/Third_Party/FatFs/src/diskio.o
 .debug_aranges
                0x00000000000009f8      0x230 ./Middlewares/Third_Party/FatFs/src/ff.o
 .debug_aranges
                0x0000000000000c28       0x40 ./Middlewares/Third_Party/FatFs/src/ff_gen_drv.o
 .debug_aranges
                0x0000000000000c68       0x28 ./Middlewares/Third_Party/FatFs/src/option/ccsbcs.o

.debug_ranges   0x0000000000000000      0xb98
 .debug_ranges  0x0000000000000000       0x98 ./Core/Src/fatfs_sd_card.o
 .debug_ranges  0x0000000000000098       0x48 ./Core/Src/main.o
 .debug_ranges  0x00000000000000e0       0x30 ./Core/Src/stm32f4xx_hal_msp.o
 .debug_ranges  0x0000000000000110       0x60 ./Core/Src/stm32f4xx_it.o
 .debug_ranges  0x0000000000000170       0x18 ./Core/Src/system_stm32f4xx.o
 .debug_ranges  0x0000000000000188       0x20 ./Core/Startup/startup_stm32f407vgtx.o
 .debug_ranges  0x00000000000001a8       0xe0 ./Drivers/STM32F4xx_HAL_Driver/Src/stm32f4xx_hal.o
 .debug_ranges  0x0000000000000288      0x108 ./Drivers/STM32F4xx_HAL_Driver/Src/stm32f4xx_hal_cortex.o
 .debug_ranges  0x0000000000000390       0x80 ./Drivers/STM32F4xx_HAL_Driver/Src/stm32f4xx_hal_dma.o
 .debug_ranges  0x0000000000000410       0x48 ./Drivers/STM32F4xx_HAL_Driver/Src/stm32f4xx_hal_gpio.o
 .debug_ranges  0x0000000000000458       0x78 ./Drivers/STM32F4xx_HAL_Driver/Src/stm32f4xx_hal_rcc.o
 .debug_ranges  0x00000000000004d0      0x1c0 ./Drivers/STM32F4xx_HAL_Driver/Src/stm32f4xx_hal_spi.o
 .debug_ranges  0x0000000000000690      0x220 ./Drivers/STM32F4xx_HAL_Driver/Src/stm32f4xx_hal_uart.o
 .debug_ranges  0x00000000000008b0       0x18 ./FATFS/App/fatfs.o
 .debug_ranges  0x00000000000008c8       0x30 ./FATFS/Target/user_diskio.o
 .debug_ranges  0x00000000000008f8       0x38 ./Middlewares/Third_Party/FatFs/src/diskio.o
 .debug_ranges  0x0000000000000930      0x220 ./Middlewares/Third_Party/FatFs/src/ff.o
 .debug_ranges  0x0000000000000b50       0x30 ./Middlewares/Third_Party/FatFs/src/ff_gen_drv.o
 .debug_ranges  0x0000000000000b80       0x18 ./Middlewares/Third_Party/FatFs/src/option/ccsbcs.o

.debug_macro    0x0000000000000000    0x221cb
 .debug_macro   0x0000000000000000      0x1f7 ./Core/Src/fatfs_sd_card.o
 .debug_macro   0x00000000000001f7      0xa78 ./Core/Src/fatfs_sd_card.o
 .debug_macro   0x0000000000000c6f      0x29b ./Core/Src/fatfs_sd_card.o
 .debug_macro   0x0000000000000f0a       0x2e ./Core/Src/fatfs_sd_card.o
 .debug_macro   0x0000000000000f38       0x2f ./Core/Src/fatfs_sd_card.o
 .debug_macro   0x0000000000000f67       0x22 ./Core/Src/fatfs_sd_card.o
 .debug_macro   0x0000000000000f89       0x8e ./Core/Src/fatfs_sd_card.o
 .debug_macro   0x0000000000001017       0x51 ./Core/Src/fatfs_sd_card.o
 .debug_macro   0x0000000000001068      0x103 ./Core/Src/fatfs_sd_card.o
 .debug_macro   0x000000000000116b       0x6a ./Core/Src/fatfs_sd_card.o
 .debug_macro   0x00000000000011d5      0x1df ./Core/Src/fatfs_sd_card.o
 .debug_macro   0x00000000000013b4       0x1c ./Core/Src/fatfs_sd_card.o
 .debug_macro   0x00000000000013d0       0x22 ./Core/Src/fatfs_sd_card.o
 .debug_macro   0x00000000000013f2       0xd9 ./Core/Src/fatfs_sd_card.o
 .debug_macro   0x00000000000014cb     0x102d ./Core/Src/fatfs_sd_card.o
 .debug_macro   0x00000000000024f8      0x11f ./Core/Src/fatfs_sd_card.o
 .debug_macro   0x0000000000002617    0x15e82 ./Core/Src/fatfs_sd_card.o
 .debug_macro   0x0000000000018499       0x6d ./Core/Src/fatfs_sd_card.o
 .debug_macro   0x0000000000018506     0x367e ./Core/Src/fatfs_sd_card.o
 .debug_macro   0x000000000001bb84      0x174 ./Core/Src/fatfs_sd_card.o
 .debug_macro   0x000000000001bcf8       0x5c ./Core/Src/fatfs_sd_card.o
 .debug_macro   0x000000000001bd54      0x96b ./Core/Src/fatfs_sd_card.o
 .debug_macro   0x000000000001c6bf      0x9fe ./Core/Src/fatfs_sd_card.o
 .debug_macro   0x000000000001d0bd      0x115 ./Core/Src/fatfs_sd_card.o
 .debug_macro   0x000000000001d1d2      0x13e ./Core/Src/fatfs_sd_card.o
 .debug_macro   0x000000000001d310       0xa5 ./Core/Src/fatfs_sd_card.o
 .debug_macro   0x000000000001d3b5      0x174 ./Core/Src/fatfs_sd_card.o
 .debug_macro   0x000000000001d529      0x287 ./Core/Src/fatfs_sd_card.o
 .debug_macro   0x000000000001d7b0       0x5f ./Core/Src/fatfs_sd_card.o
 .debug_macro   0x000000000001d80f      0x236 ./Core/Src/fatfs_sd_card.o
 .debug_macro   0x000000000001da45      0x12c ./Core/Src/fatfs_sd_card.o
 .debug_macro   0x000000000001db71      0x21e ./Core/Src/fatfs_sd_card.o
 .debug_macro   0x000000000001dd8f       0x2e ./Core/Src/fatfs_sd_card.o
 .debug_macro   0x000000000001ddbd      0x11a ./Core/Src/fatfs_sd_card.o
 .debug_macro   0x000000000001ded7       0x7e ./Core/Src/fatfs_sd_card.o
 .debug_macro   0x000000000001df55       0x89 ./Core/Src/fatfs_sd_card.o
 .debug_macro   0x000000000001dfde      0x225 ./Core/Src/fatfs_sd_card.o
 .debug_macro   0x000000000001e203      0x295 ./Core/Src/fatfs_sd_card.o
 .debug_macro   0x000000000001e498      0x12d ./Core/Src/fatfs_sd_card.o
 .debug_macro   0x000000000001e5c5       0x16 ./Core/Src/fatfs_sd_card.o
 .debug_macro   0x000000000001e5db       0x7c ./Core/Src/fatfs_sd_card.o
 .debug_macro   0x000000000001e657       0x9a ./Core/Src/fatfs_sd_card.o
 .debug_macro   0x000000000001e6f1      0x3ae ./Core/Src/main.o
 .debug_macro   0x000000000001ea9f       0xeb ./Core/Src/main.o
 .debug_macro   0x000000000001eb8a       0x1e ./Core/Src/main.o
 .debug_macro   0x000000000001eba8       0x52 ./Core/Src/main.o
 .debug_macro   0x000000000001ebfa       0x3c ./Core/Src/main.o
 .debug_macro   0x000000000001ec36       0x34 ./Core/Src/main.o
 .debug_macro   0x000000000001ec6a       0x16 ./Core/Src/main.o
 .debug_macro   0x000000000001ec80       0x35 ./Core/Src/main.o
 .debug_macro   0x000000000001ecb5       0x16 ./Core/Src/main.o
 .debug_macro   0x000000000001eccb       0x43 ./Core/Src/main.o
 .debug_macro   0x000000000001ed0e       0x34 ./Core/Src/main.o
 .debug_macro   0x000000000001ed42       0x10 ./Core/Src/main.o
 .debug_macro   0x000000000001ed52       0x58 ./Core/Src/main.o
 .debug_macro   0x000000000001edaa       0x71 ./Core/Src/main.o
 .debug_macro   0x000000000001ee1b       0x1c ./Core/Src/main.o
 .debug_macro   0x000000000001ee37      0x12a ./Core/Src/main.o
 .debug_macro   0x000000000001ef61      0x341 ./Core/Src/main.o
 .debug_macro   0x000000000001f2a2       0x16 ./Core/Src/main.o
 .debug_macro   0x000000000001f2b8       0x29 ./Core/Src/main.o
 .debug_macro   0x000000000001f2e1       0x12 ./Core/Src/main.o
 .debug_macro   0x000000000001f2f3       0xe2 ./Core/Src/main.o
 .debug_macro   0x000000000001f3d5       0x8e ./Core/Src/main.o
 .debug_macro   0x000000000001f463       0x1c ./Core/Src/main.o
 .debug_macro   0x000000000001f47f       0x10 ./Core/Src/main.o
 .debug_macro   0x000000000001f48f       0x10 ./Core/Src/main.o
 .debug_macro   0x000000000001f49f       0x1c ./Core/Src/main.o
 .debug_macro   0x000000000001f4bb       0x52 ./Core/Src/main.o
 .debug_macro   0x000000000001f50d       0x22 ./Core/Src/main.o
 .debug_macro   0x000000000001f52f       0x10 ./Core/Src/main.o
 .debug_macro   0x000000000001f53f       0x52 ./Core/Src/main.o
 .debug_macro   0x000000000001f591       0xd5 ./Core/Src/main.o
 .debug_macro   0x000000000001f666       0x1c ./Core/Src/main.o
 .debug_macro   0x000000000001f682       0x3d ./Core/Src/main.o
 .debug_macro   0x000000000001f6bf       0x16 ./Core/Src/main.o
 .debug_macro   0x000000000001f6d5      0x145 ./Core/Src/main.o
 .debug_macro   0x000000000001f81a      0x1ce ./Core/Src/stm32f4xx_hal_msp.o
 .debug_macro   0x000000000001f9e8      0x1d8 ./Core/Src/stm32f4xx_it.o
 .debug_macro   0x000000000001fbc0      0x1c4 ./Core/Src/system_stm32f4xx.o
 .debug_macro   0x000000000001fd84      0x224 ./Drivers/STM32F4xx_HAL_Driver/Src/stm32f4xx_hal.o
 .debug_macro   0x000000000001ffa8      0x1c4 ./Drivers/STM32F4xx_HAL_Driver/Src/stm32f4xx_hal_cortex.o
 .debug_macro   0x000000000002016c      0x1ca ./Drivers/STM32F4xx_HAL_Driver/Src/stm32f4xx_hal_dma.o
 .debug_macro   0x0000000000020336      0x1ca ./Drivers/STM32F4xx_HAL_Driver/Src/stm32f4xx_hal_gpio.o
 .debug_macro   0x0000000000020500      0x1e8 ./Drivers/STM32F4xx_HAL_Driver/Src/stm32f4xx_hal_rcc.o
 .debug_macro   0x00000000000206e8      0x1d3 ./Drivers/STM32F4xx_HAL_Driver/Src/stm32f4xx_hal_spi.o
 .debug_macro   0x00000000000208bb      0x1c5 ./Drivers/STM32F4xx_HAL_Driver/Src/stm32f4xx_hal_uart.o
 .debug_macro   0x0000000000020a80      0x2f3 ./FATFS/App/fatfs.o
 .debug_macro   0x0000000000020d73       0xe5 ./FATFS/App/fatfs.o
 .debug_macro   0x0000000000020e58      0x319 ./FATFS/Target/user_diskio.o
 .debug_macro   0x0000000000021171       0x10 ./FATFS/Target/user_diskio.o
 .debug_macro   0x0000000000021181       0x20 ./FATFS/Target/user_diskio.o
 .debug_macro   0x00000000000211a1       0x56 ./FATFS/Target/user_diskio.o
 .debug_macro   0x00000000000211f7      0x2e0 ./Middlewares/Third_Party/FatFs/src/diskio.o
 .debug_macro   0x00000000000214d7      0x6ee ./Middlewares/Third_Party/FatFs/src/ff.o
 .debug_macro   0x0000000000021bc5       0x58 ./Middlewares/Third_Party/FatFs/src/ff.o
 .debug_macro   0x0000000000021c1d      0x2e0 ./Middlewares/Third_Party/FatFs/src/ff_gen_drv.o
 .debug_macro   0x0000000000021efd      0x2ce ./Middlewares/Third_Party/FatFs/src/option/ccsbcs.o

.debug_line     0x0000000000000000    0x11c65
 .debug_line    0x0000000000000000      0xdc4 ./Core/Src/fatfs_sd_card.o
 .debug_line    0x0000000000000dc4      0xb04 ./Core/Src/main.o
 .debug_line    0x00000000000018c8      0x747 ./Core/Src/stm32f4xx_hal_msp.o
 .debug_line    0x000000000000200f      0x7ae ./Core/Src/stm32f4xx_it.o
 .debug_line    0x00000000000027bd      0x72b ./Core/Src/system_stm32f4xx.o
 .debug_line    0x0000000000002ee8       0x88 ./Core/Startup/startup_stm32f407vgtx.o
 .debug_line    0x0000000000002f70      0x991 ./Drivers/STM32F4xx_HAL_Driver/Src/stm32f4xx_hal.o
 .debug_line    0x0000000000003901      0xc40 ./Drivers/STM32F4xx_HAL_Driver/Src/stm32f4xx_hal_cortex.o
 .debug_line    0x0000000000004541      0xef5 ./Drivers/STM32F4xx_HAL_Driver/Src/stm32f4xx_hal_dma.o
 .debug_line    0x0000000000005436      0xb05 ./Drivers/STM32F4xx_HAL_Driver/Src/stm32f4xx_hal_gpio.o
 .debug_line    0x0000000000005f3b      0xd0d ./Drivers/STM32F4xx_HAL_Driver/Src/stm32f4xx_hal_rcc.o
 .debug_line    0x0000000000006c48     0x1c1b ./Drivers/STM32F4xx_HAL_Driver/Src/stm32f4xx_hal_spi.o
 .debug_line    0x0000000000008863     0x2a36 ./Drivers/STM32F4xx_HAL_Driver/Src/stm32f4xx_hal_uart.o
 .debug_line    0x000000000000b299      0x896 ./FATFS/App/fatfs.o
 .debug_line    0x000000000000bb2f      0x8ff ./FATFS/Target/user_diskio.o
 .debug_line    0x000000000000c42e      0x905 ./Middlewares/Third_Party/FatFs/src/diskio.o
 .debug_line    0x000000000000cd33     0x3cac ./Middlewares/Third_Party/FatFs/src/ff.o
 .debug_line    0x00000000000109df      0x923 ./Middlewares/Third_Party/FatFs/src/ff_gen_drv.o
 .debug_line    0x0000000000011302      0x963 ./Middlewares/Third_Party/FatFs/src/option/ccsbcs.o

.debug_str      0x0000000000000000    0xc6170
 .debug_str     0x0000000000000000    0xbe22f ./Core/Src/fatfs_sd_card.o
                                      0xbe538 (size before relaxing)
 .debug_str     0x00000000000be22f     0x4f29 ./Core/Src/main.o
                                      0xc315b (size before relaxing)
 .debug_str     0x00000000000c3158       0xb8 ./Core/Src/stm32f4xx_hal_msp.o
                                      0xbe876 (size before relaxing)
 .debug_str     0x00000000000c3210      0x118 ./Core/Src/stm32f4xx_it.o
                                      0xbe0c2 (size before relaxing)
 .debug_str     0x00000000000c3328       0xdb ./Core/Src/system_stm32f4xx.o
                                      0xbdd2d (size before relaxing)
 .debug_str     0x00000000000c3403       0x36 ./Core/Startup/startup_stm32f407vgtx.o
                                         0x6a (size before relaxing)
 .debug_str     0x00000000000c3439      0x5e6 ./Drivers/STM32F4xx_HAL_Driver/Src/stm32f4xx_hal.o
                                      0xbe8b1 (size before relaxing)
 .debug_str     0x00000000000c3a1f      0x32d ./Drivers/STM32F4xx_HAL_Driver/Src/stm32f4xx_hal_cortex.o
                                      0xbe5e4 (size before relaxing)
 .debug_str     0x00000000000c3d4c      0x31a ./Drivers/STM32F4xx_HAL_Driver/Src/stm32f4xx_hal_dma.o
                                      0xbe147 (size before relaxing)
 .debug_str     0x00000000000c4066       0xd5 ./Drivers/STM32F4xx_HAL_Driver/Src/stm32f4xx_hal_gpio.o
                                      0xbdea8 (size before relaxing)
 .debug_str     0x00000000000c413b      0x233 ./Drivers/STM32F4xx_HAL_Driver/Src/stm32f4xx_hal_rcc.o
                                      0xbe161 (size before relaxing)
 .debug_str     0x00000000000c436e      0x53f ./Drivers/STM32F4xx_HAL_Driver/Src/stm32f4xx_hal_spi.o
                                      0xbe5f1 (size before relaxing)
 .debug_str     0x00000000000c48ad      0x5b4 ./Drivers/STM32F4xx_HAL_Driver/Src/stm32f4xx_hal_uart.o
                                      0xbe700 (size before relaxing)
 .debug_str     0x00000000000c4e61       0x74 ./FATFS/App/fatfs.o
                                      0xc11ff (size before relaxing)
 .debug_str     0x00000000000c4ed5       0xd3 ./FATFS/Target/user_diskio.o
                                      0xc1333 (size before relaxing)
 .debug_str     0x00000000000c4fa8       0x52 ./Middlewares/Third_Party/FatFs/src/diskio.o
                                      0xc10fb (size before relaxing)
 .debug_str     0x00000000000c4ffa     0x109c ./Middlewares/Third_Party/FatFs/src/ff.o
                                      0xc2402 (size before relaxing)
 .debug_str     0x00000000000c6096       0x91 ./Middlewares/Third_Party/FatFs/src/ff_gen_drv.o
                                      0xc114c (size before relaxing)
 .debug_str     0x00000000000c6127       0x49 ./Middlewares/Third_Party/FatFs/src/option/ccsbcs.o
                                      0xc0ed0 (size before relaxing)

.comment        0x0000000000000000       0x50
 .comment       0x0000000000000000       0x50 ./Core/Src/fatfs_sd_card.o
                                         0x51 (size before relaxing)
 .comment       0x0000000000000050       0x51 ./Core/Src/main.o
 .comment       0x0000000000000050       0x51 ./Core/Src/stm32f4xx_hal_msp.o
 .comment       0x0000000000000050       0x51 ./Core/Src/stm32f4xx_it.o
 .comment       0x0000000000000050       0x51 ./Core/Src/system_stm32f4xx.o
 .comment       0x0000000000000050       0x51 ./Drivers/STM32F4xx_HAL_Driver/Src/stm32f4xx_hal.o
 .comment       0x0000000000000050       0x51 ./Drivers/STM32F4xx_HAL_Driver/Src/stm32f4xx_hal_cortex.o
 .comment       0x0000000000000050       0x51 ./Drivers/STM32F4xx_HAL_Driver/Src/stm32f4xx_hal_dma.o
 .comment       0x0000000000000050       0x51 ./Drivers/STM32F4xx_HAL_Driver/Src/stm32f4xx_hal_gpio.o
 .comment       0x0000000000000050       0x51 ./Drivers/STM32F4xx_HAL_Driver/Src/stm32f4xx_hal_rcc.o
 .comment       0x0000000000000050       0x51 ./Drivers/STM32F4xx_HAL_Driver/Src/stm32f4xx_hal_spi.o
 .comment       0x0000000000000050       0x51 ./Drivers/STM32F4xx_HAL_Driver/Src/stm32f4xx_hal_uart.o
 .comment       0x0000000000000050       0x51 ./FATFS/App/fatfs.o
 .comment       0x0000000000000050       0x51 ./FATFS/Target/user_diskio.o
 .comment       0x0000000000000050       0x51 ./Middlewares/Third_Party/FatFs/src/diskio.o
 .comment       0x0000000000000050       0x51 ./Middlewares/Third_Party/FatFs/src/ff.o
 .comment       0x0000000000000050       0x51 ./Middlewares/Third_Party/FatFs/src/ff_gen_drv.o
 .comment       0x0000000000000050       0x51 ./Middlewares/Third_Party/FatFs/src/option/ccsbcs.o

.debug_frame    0x0000000000000000     0x32bc
 .debug_frame   0x0000000000000000      0x28c ./Core/Src/fatfs_sd_card.o
 .debug_frame   0x000000000000028c      0x110 ./Core/Src/main.o
 .debug_frame   0x000000000000039c       0xc4 ./Core/Src/stm32f4xx_hal_msp.o
 .debug_frame   0x0000000000000460      0x13c ./Core/Src/stm32f4xx_it.o
 .debug_frame   0x000000000000059c       0x58 ./Core/Src/system_stm32f4xx.o
 .debug_frame   0x00000000000005f4      0x374 ./Drivers/STM32F4xx_HAL_Driver/Src/stm32f4xx_hal.o
 .debug_frame   0x0000000000000968      0x498 ./Drivers/STM32F4xx_HAL_Driver/Src/stm32f4xx_hal_cortex.o
 .debug_frame   0x0000000000000e00      0x250 ./Drivers/STM32F4xx_HAL_Driver/Src/stm32f4xx_hal_dma.o
 .debug_frame   0x0000000000001050      0x14c ./Drivers/STM32F4xx_HAL_Driver/Src/stm32f4xx_hal_gpio.o
 .debug_frame   0x000000000000119c      0x1f4 ./Drivers/STM32F4xx_HAL_Driver/Src/stm32f4xx_hal_rcc.o
 .debug_frame   0x0000000000001390      0x824 ./Drivers/STM32F4xx_HAL_Driver/Src/stm32f4xx_hal_spi.o
 .debug_frame   0x0000000000001bb4      0x92c ./Drivers/STM32F4xx_HAL_Driver/Src/stm32f4xx_hal_uart.o
 .debug_frame   0x00000000000024e0       0x4c ./FATFS/App/fatfs.o
 .debug_frame   0x000000000000252c       0xc4 ./FATFS/Target/user_diskio.o
 .debug_frame   0x00000000000025f0       0xec ./Middlewares/Third_Party/FatFs/src/diskio.o
 .debug_frame   0x00000000000026dc      0xa0c ./Middlewares/Third_Party/FatFs/src/ff.o
 .debug_frame   0x00000000000030e8       0xc8 ./Middlewares/Third_Party/FatFs/src/ff_gen_drv.o
 .debug_frame   0x00000000000031b0       0x60 ./Middlewares/Third_Party/FatFs/src/option/ccsbcs.o
 .debug_frame   0x0000000000003210       0x2c c:/st/stm32cubeide_1.11.0/stm32cubeide/plugins/com.st.stm32cube.ide.mcu.externaltools.gnu-tools-for-stm32.10.3-2021.10.win32_1.0.100.202210260954/tools/bin/../lib/gcc/arm-none-eabi/10.3.1/../../../../arm-none-eabi/lib/thumb/v7e-m+fp/hard\libc_nano.a(lib_a-init.o)
 .debug_frame   0x000000000000323c       0x20 c:/st/stm32cubeide_1.11.0/stm32cubeide/plugins/com.st.stm32cube.ide.mcu.externaltools.gnu-tools-for-stm32.10.3-2021.10.win32_1.0.100.202210260954/tools/bin/../lib/gcc/arm-none-eabi/10.3.1/../../../../arm-none-eabi/lib/thumb/v7e-m+fp/hard\libc_nano.a(lib_a-memset.o)
 .debug_frame   0x000000000000325c       0x2c c:/st/stm32cubeide_1.11.0/stm32cubeide/plugins/com.st.stm32cube.ide.mcu.externaltools.gnu-tools-for-stm32.10.3-2021.10.win32_1.0.100.202210260954/tools/bin/../lib/gcc/arm-none-eabi/10.3.1/thumb/v7e-m+fp/hard\libgcc.a(_aeabi_uldivmod.o)
 .debug_frame   0x0000000000003288       0x34 c:/st/stm32cubeide_1.11.0/stm32cubeide/plugins/com.st.stm32cube.ide.mcu.externaltools.gnu-tools-for-stm32.10.3-2021.10.win32_1.0.100.202210260954/tools/bin/../lib/gcc/arm-none-eabi/10.3.1/thumb/v7e-m+fp/hard\libgcc.a(_udivmoddi4.o)
